<html>
<body>
<pre>
<h1>µVision Build Log</h1>
<h2>Tool Versions:</h2>
IDE-Version: µVision V5.14.0.0
Copyright (C) 2015 ARM Ltd and ARM Germany GmbH. All rights reserved.
License Information: xxx LS, xxx, LIC=ZB4EI-TQMGU-2Z0W4-FSFLK-MN30L-UZAC3
 
Tool Versions:
Toolchain:       MDK-ARM Standard  Version: 5.14.0.0
Toolchain Path:  D:\Embeded_Learning\Keil5\KEIL5.1.4\ARM\ARMCC\Bin
C Compiler:      Armcc.exe V5.05 update 1 (build 106)
Assembler:       Armasm.exe V5.05 update 1 (build 106)
Linker/Locator:  ArmLink.exe V5.05 update 1 (build 106)
Library Manager: ArmAr.exe V5.05 update 1 (build 106)
Hex Converter:   FromElf.exe V5.05 update 1 (build 106)
CPU DLL:         SARMCM3.DLL V5.14.0.0
Dialog DLL:      DCM.DLL V1.13.1.0
Target DLL:      Segger\JL2CM3.dll V2.99.13.0
Dialog DLL:      TCM.DLL V1.14.4.0
 
<h2>Project:</h2>
D:\OneDrive\OneDrive - Siemens Healthineers\learning\codes\code\stm32\freeRTOS\freeRTOS_TFT_MENU\V2\MDK-ARM\freeRTOS_TFT_MENU.uvprojx
Project File Date:  08/23/2024

<h2>Output:</h2>
Build target 'freeRTOS_TFT_MENU'
compiling Matrix_KeyBoard.c...
..\user\Matrix_KeyBoard.c(186): warning:  #177-D: variable "humi_buf" was declared but never referenced
      uint8_t humi_buf[4];
..\user\Matrix_KeyBoard.c(189): warning:  #177-D: variable "uxHighWaterMark" was declared but never referenced
      BaseType_t uxHighWaterMark;
..\user\Matrix_KeyBoard.c: 2 warnings, 0 errors
linking...
Program Size: Code=33944 RO-data=8456 RW-data=556 ZI-data=20604  
FromELF: creating hex file...
"freeRTOS_TFT_MENU\freeRTOS_TFT_MENU.axf" - 0 Error(s), 2 Warning(s).

<h2>Software Packages used:</h2>

Package Vendor: ARM
                http://www.keil.com/pack/ARM.CMSIS.4.2.0.pack
                ARM::CMSIS:CORE:3.40.0
                CMSIS (Cortex Microcontroller Software Interface Standard)
   * Component: CORE Version: 3.40.0

<h2>Collection of Component include folders:</h2>
  D:\OneDrive\OneDrive - Siemens Healthineers\learning\codes\code\stm32\freeRTOS\freeRTOS_TFT_MENU\V2\MDK-ARM\RTE
  D:\Embeded_Learning\Keil5\KEIL5.1.4\ARM\PACK\ARM\CMSIS\4.2.0\CMSIS\Include
  D:\Embeded_Learning\Keil5\KEIL5.1.4\ARM\PACK\Keil\STM32F4xx_DFP\2.17.1

<h2>Collection of Component Files used:</h2>

   * Component: ARM::CMSIS:CORE:3.40.0
      Source file:   CMSIS\UserCodeTemplates\ARM\ITM_Retarget.c
</pre>
</body>
</html>
