Component: ARM Compiler 5.05 update 1 (build 106) Tool: armlink [4d0efa]

==============================================================================

Section Cross References

    startup_stm32f407xx.o(RESET) refers to startup_stm32f407xx.o(STACK) for __initial_sp
    startup_stm32f407xx.o(RESET) refers to startup_stm32f407xx.o(.text) for Reset_Handler
    startup_stm32f407xx.o(RESET) refers to stm32f4xx_it.o(i.NMI_Handler) for NMI_Handler
    startup_stm32f407xx.o(RESET) refers to stm32f4xx_it.o(i.HardFault_Handler) for HardFault_Handler
    startup_stm32f407xx.o(RESET) refers to stm32f4xx_it.o(i.MemManage_Handler) for MemManage_Handler
    startup_stm32f407xx.o(RESET) refers to stm32f4xx_it.o(i.BusFault_Handler) for BusFault_Handler
    startup_stm32f407xx.o(RESET) refers to stm32f4xx_it.o(i.UsageFault_Handler) for UsageFault_Handler
    startup_stm32f407xx.o(RESET) refers to port.o(.emb_text) for SVC_Handler
    startup_stm32f407xx.o(RESET) refers to stm32f4xx_it.o(i.DebugMon_Handler) for DebugMon_Handler
    startup_stm32f407xx.o(RESET) refers to cmsis_os2.o(i.SysTick_Handler) for SysTick_Handler
    startup_stm32f407xx.o(RESET) refers to stm32f4xx_it.o(i.RTC_WKUP_IRQHandler) for RTC_WKUP_IRQHandler
    startup_stm32f407xx.o(RESET) refers to stm32f4xx_it.o(i.EXTI0_IRQHandler) for EXTI0_IRQHandler
    startup_stm32f407xx.o(RESET) refers to stm32f4xx_it.o(i.EXTI2_IRQHandler) for EXTI2_IRQHandler
    startup_stm32f407xx.o(RESET) refers to stm32f4xx_it.o(i.EXTI3_IRQHandler) for EXTI3_IRQHandler
    startup_stm32f407xx.o(RESET) refers to stm32f4xx_it.o(i.EXTI4_IRQHandler) for EXTI4_IRQHandler
    startup_stm32f407xx.o(RESET) refers to stm32f4xx_it.o(i.TIM1_UP_TIM10_IRQHandler) for TIM1_UP_TIM10_IRQHandler
    startup_stm32f407xx.o(RESET) refers to stm32f4xx_it.o(i.TIM2_IRQHandler) for TIM2_IRQHandler
    startup_stm32f407xx.o(RESET) refers to stm32f4xx_it.o(i.TIM3_IRQHandler) for TIM3_IRQHandler
    startup_stm32f407xx.o(RESET) refers to stm32f4xx_it.o(i.TIM4_IRQHandler) for TIM4_IRQHandler
    startup_stm32f407xx.o(RESET) refers to stm32f4xx_it.o(i.USART1_IRQHandler) for USART1_IRQHandler
    startup_stm32f407xx.o(RESET) refers to stm32f4xx_it.o(i.DMA2_Stream3_IRQHandler) for DMA2_Stream3_IRQHandler
    startup_stm32f407xx.o(.text) refers to system_stm32f4xx.o(i.SystemInit) for SystemInit
    startup_stm32f407xx.o(.text) refers to entry.o(.ARM.Collect$$$$00000000) for __main
    main.o(i.HAL_TIM_PeriodElapsedCallback) refers to stm32f4xx_hal_gpio.o(i.HAL_GPIO_ReadPin) for HAL_GPIO_ReadPin
    main.o(i.HAL_TIM_PeriodElapsedCallback) refers to queue.o(i.xQueueReceiveFromISR) for xQueueReceiveFromISR
    main.o(i.HAL_TIM_PeriodElapsedCallback) refers to printfa.o(i.__0printf) for __2printf
    main.o(i.HAL_TIM_PeriodElapsedCallback) refers to queue.o(i.xQueueGiveFromISR) for xQueueGiveFromISR
    main.o(i.HAL_TIM_PeriodElapsedCallback) refers to event_groups.o(i.xEventGroupSetBitsFromISR) for xEventGroupSetBitsFromISR
    main.o(i.HAL_TIM_PeriodElapsedCallback) refers to stm32f4xx_hal_tim.o(i.HAL_TIM_Base_Stop_IT) for HAL_TIM_Base_Stop_IT
    main.o(i.HAL_TIM_PeriodElapsedCallback) refers to stm32f4xx_hal.o(i.HAL_IncTick) for HAL_IncTick
    main.o(i.HAL_TIM_PeriodElapsedCallback) refers to freertos.o(.data) for g_key_event_group
    main.o(i.HAL_TIM_PeriodElapsedCallback) refers to tim.o(.bss) for htim1
    main.o(i.HAL_TIM_PeriodElapsedCallback) refers to matrix_keyboard.o(.data) for sysTimeCnt
    main.o(i.HAL_TIM_PeriodElapsedCallback) refers to matrix_keyboard.o(.data) for milliseconds
    main.o(i.SystemClock_Config) refers to memseta.o(.text) for __aeabi_memclr4
    main.o(i.SystemClock_Config) refers to stm32f4xx_hal_rcc.o(i.HAL_RCC_OscConfig) for HAL_RCC_OscConfig
    main.o(i.SystemClock_Config) refers to stm32f4xx_hal_rcc.o(i.HAL_RCC_ClockConfig) for HAL_RCC_ClockConfig
    main.o(i.main) refers to stm32f4xx_hal.o(i.HAL_Init) for HAL_Init
    main.o(i.main) refers to main.o(i.SystemClock_Config) for SystemClock_Config
    main.o(i.main) refers to gpio.o(i.MX_GPIO_Init) for MX_GPIO_Init
    main.o(i.main) refers to dma.o(i.MX_DMA_Init) for MX_DMA_Init
    main.o(i.main) refers to usart.o(i.MX_USART1_UART_Init) for MX_USART1_UART_Init
    main.o(i.main) refers to tim.o(i.MX_TIM3_Init) for MX_TIM3_Init
    main.o(i.main) refers to adc.o(i.MX_ADC1_Init) for MX_ADC1_Init
    main.o(i.main) refers to spi.o(i.MX_SPI1_Init) for MX_SPI1_Init
    main.o(i.main) refers to rtc.o(i.MX_RTC_Init) for MX_RTC_Init
    main.o(i.main) refers to tim.o(i.MX_TIM1_Init) for MX_TIM1_Init
    main.o(i.main) refers to tim.o(i.MX_TIM2_Init) for MX_TIM2_Init
    main.o(i.main) refers to cmsis_os2.o(i.osKernelInitialize) for osKernelInitialize
    main.o(i.main) refers to freertos.o(i.MX_FREERTOS_Init) for MX_FREERTOS_Init
    main.o(i.main) refers to cmsis_os2.o(i.osKernelStart) for osKernelStart
    main.o(i.main) refers to printfa.o(i.__0printf) for __2printf
[...]
    _printf_llu                              0x00000000   Number         0  stubs.o ABSOLUTE
    _printf_llx                              0x00000000   Number         0  stubs.o ABSOLUTE
    _printf_longlong_dec                     0x00000000   Number         0  stubs.o ABSOLUTE
    _printf_longlong_hex                     0x00000000   Number         0  stubs.o ABSOLUTE
    _printf_longlong_oct                     0x00000000   Number         0  stubs.o ABSOLUTE
    _printf_ls                               0x00000000   Number         0  stubs.o ABSOLUTE
    _printf_mbtowc                           0x00000000   Number         0  stubs.o ABSOLUTE
    _printf_n                                0x00000000   Number         0  stubs.o ABSOLUTE
    _printf_o                                0x00000000   Number         0  stubs.o ABSOLUTE
    _printf_p                                0x00000000   Number         0  stubs.o ABSOLUTE
    _printf_percent                          0x00000000   Number         0  stubs.o ABSOLUTE
    _printf_pre_padding                      0x00000000   Number         0  stubs.o ABSOLUTE
    _printf_return_value                     0x00000000   Number         0  stubs.o ABSOLUTE
    _printf_s                                0x00000000   Number         0  stubs.o ABSOLUTE
    _printf_sizespec                         0x00000000   Number         0  stubs.o ABSOLUTE
    _printf_str                              0x00000000   Number         0  stubs.o ABSOLUTE
    _printf_truncate_signed                  0x00000000   Number         0  stubs.o ABSOLUTE
    _printf_truncate_unsigned                0x00000000   Number         0  stubs.o ABSOLUTE
    _printf_u                                0x00000000   Number         0  stubs.o ABSOLUTE
    _printf_wc                               0x00000000   Number         0  stubs.o ABSOLUTE
    _printf_wctomb                           0x00000000   Number         0  stubs.o ABSOLUTE
    _printf_widthprec                        0x00000000   Number         0  stubs.o ABSOLUTE
    _printf_x                                0x00000000   Number         0  stubs.o ABSOLUTE
    __cpp_initialize__aeabi_                  - Undefined Weak Reference
    __cxa_finalize                            - Undefined Weak Reference
    _clock_init                               - Undefined Weak Reference
    _microlib_exit                            - Undefined Weak Reference
    __Vectors_Size                           0x00000188   Number         0  startup_stm32f407xx.o ABSOLUTE
    __Vectors                                0x08000000   Data           4  startup_stm32f407xx.o(RESET)
    __Vectors_End                            0x08000188   Data           0  startup_stm32f407xx.o(RESET)
    __main                                   0x08000189   Thumb Code     0  entry.o(.ARM.Collect$$$$00000000)
    _main_stk                                0x08000189   Thumb Code     0  entry2.o(.ARM.Collect$$$$00000001)
    _main_scatterload                        0x0800018d   Thumb Code     0  entry5.o(.ARM.Collect$$$$00000004)
    __main_after_scatterload                 0x08000191   Thumb Code     0  entry5.o(.ARM.Collect$$$$00000004)
    _main_clock                              0x08000191   Thumb Code     0  entry7b.o(.ARM.Collect$$$$00000008)
    _main_cpp_init                           0x08000191   Thumb Code     0  entry8b.o(.ARM.Collect$$$$0000000A)
    _main_init                               0x08000191   Thumb Code     0  entry9a.o(.ARM.Collect$$$$0000000B)
    __rt_final_cpp                           0x08000199   Thumb Code     0  entry10a.o(.ARM.Collect$$$$0000000D)
    __rt_final_exit                          0x08000199   Thumb Code     0  entry11a.o(.ARM.Collect$$$$0000000F)
    SVC_Handler                              0x0800019d   Thumb Code    28  port.o(.emb_text)
    __asm___6_port_c_39a90d8d__prvStartFirstTask 0x080001bd   Thumb Code    36  port.o(.emb_text)
    __asm___6_port_c_39a90d8d__prvEnableVFP  0x080001e5   Thumb Code    16  port.o(.emb_text)
    PendSV_Handler                           0x080001f9   Thumb Code    88  port.o(.emb_text)
    vPortGetIPSR                             0x08000255   Thumb Code     6  port.o(.emb_text)
    Reset_Handler                            0x0800025d   Thumb Code     8  startup_stm32f407xx.o(.text)
    ADC_IRQHandler                           0x08000277   Thumb Code     0  startup_stm32f407xx.o(.text)
    CAN1_RX0_IRQHandler                      0x08000277   Thumb Code     0  startup_stm32f407xx.o(.text)
    CAN1_RX1_IRQHandler                      0x08000277   Thumb Code     0  startup_stm32f407xx.o(.text)
    CAN1_SCE_IRQHandler                      0x08000277   Thumb Code     0  startup_stm32f407xx.o(.text)
    CAN1_TX_IRQHandler                       0x08000277   Thumb Code     0  startup_stm32f407xx.o(.text)
    CAN2_RX0_IRQHandler                      0x08000277   Thumb Code     0  startup_stm32f407xx.o(.text)
    CAN2_RX1_IRQHandler                      0x08000277   Thumb Code     0  startup_stm32f407xx.o(.text)
    CAN2_SCE_IRQHandler                      0x08000277   Thumb Code     0  startup_stm32f407xx.o(.text)
    CAN2_TX_IRQHandler                       0x08000277   Thumb Code     0  startup_stm32f407xx.o(.text)
    DCMI_IRQHandler                          0x08000277   Thumb Code     0  startup_stm32f407xx.o(.text)
    DMA1_Stream0_IRQHandler                  0x08000277   Thumb Code     0  startup_stm32f407xx.o(.text)
    DMA1_Stream1_IRQHandler                  0x08000277   Thumb Code     0  startup_stm32f407xx.o(.text)
    DMA1_Stream2_IRQHandler                  0x08000277   Thumb Code     0  startup_stm32f407xx.o(.text)
    DMA1_Stream3_IRQHandler                  0x08000277   Thumb Code     0  startup_stm32f407xx.o(.text)
    DMA1_Stream4_IRQHandler                  0x08000277   Thumb Code     0  startup_stm32f407xx.o(.text)
    DMA1_Stream5_IRQHandler                  0x08000277   Thumb Code     0  startup_stm32f407xx.o(.text)
    DMA1_Stream6_IRQHandler                  0x08000277   Thumb Code     0  startup_stm32f407xx.o(.text)
    DMA1_Stream7_IRQHandler                  0x08000277   Thumb Code     0  startup_stm32f407xx.o(.text)
    DMA2_Stream0_IRQHandler                  0x08000277   Thumb Code     0  startup_stm32f407xx.o(.text)
    DMA2_Stream1_IRQHandler                  0x08000277   Thumb Code     0  startup_stm32f407xx.o(.text)
    DMA2_Stream2_IRQHandler                  0x08000277   Thumb Code     0  startup_stm32f407xx.o(.text)
    DMA2_Stream4_IRQHandler                  0x08000277   Thumb Code     0  startup_stm32f407xx.o(.text)
    DMA2_Stream5_IRQHandler                  0x08000277   Thumb Code     0  startup_stm32f407xx.o(.text)
    DMA2_Stream6_IRQHandler                  0x08000277   Thumb Code     0  startup_stm32f407xx.o(.text)
    DMA2_Stream7_IRQHandler                  0x08000277   Thumb Code     0  startup_stm32f407xx.o(.text)
    ETH_IRQHandler                           0x08000277   Thumb Code     0  startup_stm32f407xx.o(.text)
    ETH_WKUP_IRQHandler                      0x08000277   Thumb Code     0  startup_stm32f407xx.o(.text)
    EXTI15_10_IRQHandler                     0x08000277   Thumb Code     0  startup_stm32f407xx.o(.text)
    EXTI1_IRQHandler                         0x08000277   Thumb Code     0  startup_stm32f407xx.o(.text)
    EXTI9_5_IRQHandler                       0x08000277   Thumb Code     0  startup_stm32f407xx.o(.text)
    FLASH_IRQHandler                         0x08000277   Thumb Code     0  startup_stm32f407xx.o(.text)
    FMC_IRQHandler                           0x08000277   Thumb Code     0  startup_stm32f407xx.o(.text)
    FPU_IRQHandler                           0x08000277   Thumb Code     0  startup_stm32f407xx.o(.text)
    HASH_RNG_IRQHandler                      0x08000277   Thumb Code     0  startup_stm32f407xx.o(.text)
    I2C1_ER_IRQHandler                       0x08000277   Thumb Code     0  startup_stm32f407xx.o(.text)
    I2C1_EV_IRQHandler                       0x08000277   Thumb Code     0  startup_stm32f407xx.o(.text)
    I2C2_ER_IRQHandler                       0x08000277   Thumb Code     0  startup_stm32f407xx.o(.text)
    I2C2_EV_IRQHandler                       0x08000277   Thumb Code     0  startup_stm32f407xx.o(.text)
    I2C3_ER_IRQHandler                       0x08000277   Thumb Code     0  startup_stm32f407xx.o(.text)
    I2C3_EV_IRQHandler                       0x08000277   Thumb Code     0  startup_stm32f407xx.o(.text)
    OTG_FS_IRQHandler                        0x08000277   Thumb Code     0  startup_stm32f407xx.o(.text)
    OTG_FS_WKUP_IRQHandler                   0x08000277   Thumb Code     0  startup_stm32f407xx.o(.text)
    OTG_HS_EP1_IN_IRQHandler                 0x08000277   Thumb Code     0  startup_stm32f407xx.o(.text)
    OTG_HS_EP1_OUT_IRQHandler                0x08000277   Thumb Code     0  startup_stm32f407xx.o(.text)
    OTG_HS_IRQHandler                        0x08000277   Thumb Code     0  startup_stm32f407xx.o(.text)
    OTG_HS_WKUP_IRQHandler                   0x08000277   Thumb Code     0  startup_stm32f407xx.o(.text)
    PVD_IRQHandler                           0x08000277   Thumb Code     0  startup_stm32f407xx.o(.text)
    RCC_IRQHandler                           0x08000277   Thumb Code     0  startup_stm32f407xx.o(.text)
    RTC_Alarm_IRQHandler                     0x08000277   Thumb Code     0  startup_stm32f407xx.o(.text)
    SDIO_IRQHandler                          0x08000277   Thumb Code     0  startup_stm32f407xx.o(.text)
    SPI1_IRQHandler                          0x08000277   Thumb Code     0  startup_stm32f407xx.o(.text)
    SPI2_IRQHandler                          0x08000277   Thumb Code     0  startup_stm32f407xx.o(.text)
    SPI3_IRQHandler                          0x08000277   Thumb Code     0  startup_stm32f407xx.o(.text)
    TAMP_STAMP_IRQHandler                    0x08000277   Thumb Code     0  startup_stm32f407xx.o(.text)
    TIM1_BRK_TIM9_IRQHandler                 0x08000277   Thumb Code     0  startup_stm32f407xx.o(.text)
    TIM1_CC_IRQHandler                       0x08000277   Thumb Code     0  startup_stm32f407xx.o(.text)
    TIM1_TRG_COM_TIM11_IRQHandler            0x08000277   Thumb Code     0  startup_stm32f407xx.o(.text)
    TIM5_IRQHandler                          0x08000277   Thumb Code     0  startup_stm32f407xx.o(.text)
    TIM6_DAC_IRQHandler                      0x08000277   Thumb Code     0  startup_stm32f407xx.o(.text)
    TIM7_IRQHandler                          0x08000277   Thumb Code     0  startup_stm32f407xx.o(.text)
    TIM8_BRK_TIM12_IRQHandler                0x08000277   Thumb Code     0  startup_stm32f407xx.o(.text)
    TIM8_CC_IRQHandler                       0x08000277   Thumb Code     0  startup_stm32f407xx.o(.text)
    TIM8_TRG_COM_TIM14_IRQHandler            0x08000277   Thumb Code     0  startup_stm32f407xx.o(.text)
    TIM8_UP_TIM13_IRQHandler                 0x08000277   Thumb Code     0  startup_stm32f407xx.o(.text)
    UART4_IRQHandler                         0x08000277   Thumb Code     0  startup_stm32f407xx.o(.text)
    UART5_IRQHandler                         0x08000277   Thumb Code     0  startup_stm32f407xx.o(.text)
    USART2_IRQHandler                        0x08000277   Thumb Code     0  startup_stm32f407xx.o(.text)
    USART3_IRQHandler                        0x08000277   Thumb Code     0  startup_stm32f407xx.o(.text)
    USART6_IRQHandler                        0x08000277   Thumb Code     0  startup_stm32f407xx.o(.text)
    WWDG_IRQHandler                          0x08000277   Thumb Code     0  startup_stm32f407xx.o(.text)
    __aeabi_uldivmod                         0x08000281   Thumb Code    98  uldiv.o(.text)
    __aeabi_memcpy                           0x080002e3   Thumb Code    36  memcpya.o(.text)
    __aeabi_memcpy4                          0x080002e3   Thumb Code     0  memcpya.o(.text)
    __aeabi_memcpy8                          0x080002e3   Thumb Code     0  memcpya.o(.text)
    __aeabi_memset                           0x08000307   Thumb Code    14  memseta.o(.text)
    __aeabi_memset4                          0x08000307   Thumb Code     0  memseta.o(.text)
    __aeabi_memset8                          0x08000307   Thumb Code     0  memseta.o(.text)
    __aeabi_memclr                           0x08000315   Thumb Code     4  memseta.o(.text)
    __aeabi_memclr4                          0x08000315   Thumb Code     0  memseta.o(.text)
    __aeabi_memclr8                          0x08000315   Thumb Code     0  memseta.o(.text)
    memset                                   0x08000319   Thumb Code    18  memseta.o(.text)
    strlen                                   0x0800032b   Thumb Code    14  strlen.o(.text)
    strncmp                                  0x08000339   Thumb Code    30  strncmp.o(.text)
    __aeabi_dmul                             0x08000357   Thumb Code   228  dmul.o(.text)
    __aeabi_ddiv                             0x0800043b   Thumb Code   222  ddiv.o(.text)
    __aeabi_ui2d                             0x08000519   Thumb Code    26  dfltui.o(.text)
    __aeabi_d2uiz                            0x08000533   Thumb Code    50  dfixui.o(.text)
    __aeabi_uidiv                            0x08000565   Thumb Code     0  uidiv.o(.text)
    __aeabi_uidivmod                         0x08000565   Thumb Code    44  uidiv.o(.text)
    __aeabi_llsl                             0x08000591   Thumb Code    30  llshl.o(.text)
    _ll_shift_l                              0x08000591   Thumb Code     0  llshl.o(.text)
    __aeabi_llsr                             0x080005af   Thumb Code    32  llushr.o(.text)
    _ll_ushift_r                             0x080005af   Thumb Code     0  llushr.o(.text)
    __I$use$fp                               0x080005cf   Thumb Code     0  iusefp.o(.text)
    _double_round                            0x080005cf   Thumb Code    30  depilogue.o(.text)
    _double_epilogue                         0x080005ed   Thumb Code   156  depilogue.o(.text)
    __aeabi_dadd                             0x08000689   Thumb Code   322  dadd.o(.text)
    __aeabi_dsub                             0x080007cb   Thumb Code     6  dadd.o(.text)
    __aeabi_drsub                            0x080007d1   Thumb Code     6  dadd.o(.text)
    __aeabi_d2ulz                            0x080007d7   Thumb Code    48  dfixul.o(.text)
    __aeabi_cdrcmple                         0x08000809   Thumb Code    48  cdrcmple.o(.text)
    __scatterload                            0x08000839   Thumb Code    28  init.o(.text)
    __scatterload_rt2                        0x08000839   Thumb Code     0  init.o(.text)
    __aeabi_lasr                             0x0800085d   Thumb Code    36  llsshr.o(.text)
    _ll_sshift_r                             0x0800085d   Thumb Code     0  llsshr.o(.text)
    __decompress                             0x08000881   Thumb Code     0  __dczerorl2.o(.text)
    __decompress1                            0x08000881   Thumb Code    86  __dczerorl2.o(.text)
    BCD_to_Dec                               0x08000a01   Thumb Code    18  menu.o(i.BCD_to_Dec)
    BusFault_Handler                         0x08000a13   Thumb Code     2  stm32f4xx_it.o(i.BusFault_Handler)
    DMA2_Stream3_IRQHandler                  0x08000a15   Thumb Code     6  stm32f4xx_it.o(i.DMA2_Stream3_IRQHandler)
    DebugMon_Handler                         0x08000ac5   Thumb Code     2  stm32f4xx_it.o(i.DebugMon_Handler)
    EXTI0_IRQHandler                         0x08000ac7   Thumb Code     6  stm32f4xx_it.o(i.EXTI0_IRQHandler)
    EXTI2_IRQHandler                         0x08000acd   Thumb Code     6  stm32f4xx_it.o(i.EXTI2_IRQHandler)
    EXTI3_IRQHandler                         0x08000ad3   Thumb Code     6  stm32f4xx_it.o(i.EXTI3_IRQHandler)
    EXTI4_IRQHandler                         0x08000ad9   Thumb Code     6  stm32f4xx_it.o(i.EXTI4_IRQHandler)
    Error_Handler                            0x08000adf   Thumb Code     4  main.o(i.Error_Handler)
    FLASH_Erase_Sector                       0x08000ae5   Thumb Code    74  stm32f4xx_hal_flash_ex.o(i.FLASH_Erase_Sector)
    FLASH_FlushCaches                        0x08000b35   Thumb Code    80  stm32f4xx_hal_flash_ex.o(i.FLASH_FlushCaches)
    FLASH_WaitForLastOperation               0x08000cad   Thumb Code    72  stm32f4xx_hal_flash.o(i.FLASH_WaitForLastOperation)
    HAL_ADC_ConfigChannel                    0x08000cfd   Thumb Code   316  stm32f4xx_hal_adc.o(i.HAL_ADC_ConfigChannel)
    HAL_ADC_GetValue                         0x08000e49   Thumb Code     6  stm32f4xx_hal_adc.o(i.HAL_ADC_GetValue)
    HAL_ADC_Init                             0x08000e4f   Thumb Code    84  stm32f4xx_hal_adc.o(i.HAL_ADC_Init)
    HAL_ADC_MspInit                          0x08000ea5   Thumb Code    84  adc.o(i.HAL_ADC_MspInit)
    HAL_ADC_Start                            0x08000f05   Thumb Code   228  stm32f4xx_hal_adc.o(i.HAL_ADC_Start)
    HAL_DMA_Abort                            0x08001001   Thumb Code   146  stm32f4xx_hal_dma.o(i.HAL_DMA_Abort)
    HAL_DMA_Abort_IT                         0x08001093   Thumb Code    36  stm32f4xx_hal_dma.o(i.HAL_DMA_Abort_IT)
    HAL_DMA_GetState                         0x080010b7   Thumb Code     6  stm32f4xx_hal_dma.o(i.HAL_DMA_GetState)
    HAL_DMA_IRQHandler                       0x080010bd   Thumb Code   412  stm32f4xx_hal_dma.o(i.HAL_DMA_IRQHandler)
    HAL_DMA_Init                             0x0800125d   Thumb Code   206  stm32f4xx_hal_dma.o(i.HAL_DMA_Init)
    HAL_DMA_Start_IT                         0x08001331   Thumb Code   110  stm32f4xx_hal_dma.o(i.HAL_DMA_Start_IT)
    HAL_FLASHEx_Erase                        0x080013a1   Thumb Code   144  stm32f4xx_hal_flash_ex.o(i.HAL_FLASHEx_Erase)
    HAL_FLASH_Lock                           0x08001439   Thumb Code    14  stm32f4xx_hal_flash.o(i.HAL_FLASH_Lock)
    HAL_FLASH_Program                        0x0800144d   Thumb Code   116  stm32f4xx_hal_flash.o(i.HAL_FLASH_Program)
    HAL_FLASH_Unlock                         0x080014c9   Thumb Code    32  stm32f4xx_hal_flash.o(i.HAL_FLASH_Unlock)
    HAL_GPIO_EXTI_Callback                   0x080014f5   Thumb Code   154  stm32f4xx_it.o(i.HAL_GPIO_EXTI_Callback)
    HAL_GPIO_EXTI_IRQHandler                 0x080015cd   Thumb Code    18  stm32f4xx_hal_gpio.o(i.HAL_GPIO_EXTI_IRQHandler)
    HAL_GPIO_Init                            0x080015e5   Thumb Code   450  stm32f4xx_hal_gpio.o(i.HAL_GPIO_Init)
    HAL_GPIO_ReadPin                         0x080017d5   Thumb Code    10  stm32f4xx_hal_gpio.o(i.HAL_GPIO_ReadPin)
    HAL_GPIO_TogglePin                       0x080017df   Thumb Code    16  stm32f4xx_hal_gpio.o(i.HAL_GPIO_TogglePin)
    HAL_GPIO_WritePin                        0x080017ef   Thumb Code    10  stm32f4xx_hal_gpio.o(i.HAL_GPIO_WritePin)
    HAL_GetTick                              0x080017f9   Thumb Code     6  stm32f4xx_hal.o(i.HAL_GetTick)
    HAL_IncTick                              0x08001805   Thumb Code    12  stm32f4xx_hal.o(i.HAL_IncTick)
    HAL_Init                                 0x08001815   Thumb Code    48  stm32f4xx_hal.o(i.HAL_Init)
    HAL_InitTick                             0x08001849   Thumb Code   132  stm32f4xx_hal_timebase_tim.o(i.HAL_InitTick)
    HAL_MspInit                              0x080018e1   Thumb Code    52  stm32f4xx_hal_msp.o(i.HAL_MspInit)
    HAL_NVIC_EnableIRQ                       0x08001919   Thumb Code    26  stm32f4xx_hal_cortex.o(i.HAL_NVIC_EnableIRQ)
    HAL_NVIC_SetPriority                     0x08001935   Thumb Code    60  stm32f4xx_hal_cortex.o(i.HAL_NVIC_SetPriority)
    HAL_NVIC_SetPriorityGrouping             0x08001975   Thumb Code    26  stm32f4xx_hal_cortex.o(i.HAL_NVIC_SetPriorityGrouping)
    HAL_NVIC_SystemReset                     0x08001999   Thumb Code    26  stm32f4xx_hal_cortex.o(i.HAL_NVIC_SystemReset)
    HAL_RCCEx_PeriphCLKConfig                0x080019bd   Thumb Code   296  stm32f4xx_hal_rcc_ex.o(i.HAL_RCCEx_PeriphCLKConfig)
    HAL_RCC_ClockConfig                      0x08001af9   Thumb Code   288  stm32f4xx_hal_rcc.o(i.HAL_RCC_ClockConfig)
    HAL_RCC_GetClockConfig                   0x08001c2d   Thumb Code    54  stm32f4xx_hal_rcc.o(i.HAL_RCC_GetClockConfig)
    HAL_RCC_GetPCLK1Freq                     0x08001c6d   Thumb Code    20  stm32f4xx_hal_rcc.o(i.HAL_RCC_GetPCLK1Freq)
    HAL_RCC_GetPCLK2Freq                     0x08001c8d   Thumb Code    20  stm32f4xx_hal_rcc.o(i.HAL_RCC_GetPCLK2Freq)
    HAL_RCC_GetSysClockFreq                  0x08001cad   Thumb Code    88  stm32f4xx_hal_rcc.o(i.HAL_RCC_GetSysClockFreq)
    HAL_RCC_OscConfig                        0x08001d0d   Thumb Code   856  stm32f4xx_hal_rcc.o(i.HAL_RCC_OscConfig)
    HAL_RTCEx_SetWakeUpTimer_IT              0x08002079   Thumb Code   236  stm32f4xx_hal_rtc_ex.o(i.HAL_RTCEx_SetWakeUpTimer_IT)
    HAL_RTCEx_WakeUpTimerEventCallback       0x0800216d   Thumb Code    68  stm32f4xx_it.o(i.HAL_RTCEx_WakeUpTimerEventCallback)
    HAL_RTCEx_WakeUpTimerIRQHandler          0x080021c1   Thumb Code    46  stm32f4xx_hal_rtc_ex.o(i.HAL_RTCEx_WakeUpTimerIRQHandler)
    HAL_RTC_GetDate                          0x080021f5   Thumb Code    62  stm32f4xx_hal_rtc.o(i.HAL_RTC_GetDate)
    HAL_RTC_GetTime                          0x08002239   Thumb Code    78  stm32f4xx_hal_rtc.o(i.HAL_RTC_GetTime)
    HAL_RTC_Init                             0x0800228d   Thumb Code   136  stm32f4xx_hal_rtc.o(i.HAL_RTC_Init)
    HAL_RTC_MspInit                          0x08002319   Thumb Code    64  rtc.o(i.HAL_RTC_MspInit)
    HAL_RTC_SetDate                          0x08002361   Thumb Code   146  stm32f4xx_hal_rtc.o(i.HAL_RTC_SetDate)
    HAL_RTC_SetTime                          0x080023f9   Thumb Code   186  stm32f4xx_hal_rtc.o(i.HAL_RTC_SetTime)
    HAL_RTC_WaitForSynchro                   0x080024b9   Thumb Code    54  stm32f4xx_hal_rtc.o(i.HAL_RTC_WaitForSynchro)
    HAL_SPI_ErrorCallback                    0x080024ef   Thumb Code     2  stm32f4xx_hal_spi.o(i.HAL_SPI_ErrorCallback)
    HAL_SPI_GetState                         0x080024f1   Thumb Code     6  stm32f4xx_hal_spi.o(i.HAL_SPI_GetState)
    HAL_SPI_Init                             0x080024f7   Thumb Code   188  stm32f4xx_hal_spi.o(i.HAL_SPI_Init)
    HAL_SPI_MspInit                          0x080025b5   Thumb Code   180  spi.o(i.HAL_SPI_MspInit)
    HAL_SPI_RxCpltCallback                   0x08002681   Thumb Code     2  stm32f4xx_hal_spi.o(i.HAL_SPI_RxCpltCallback)
    HAL_SPI_RxHalfCpltCallback               0x08002683   Thumb Code     2  stm32f4xx_hal_spi.o(i.HAL_SPI_RxHalfCpltCallback)
    HAL_SPI_TransmitReceive                  0x08002685   Thumb Code   482  stm32f4xx_hal_spi.o(i.HAL_SPI_TransmitReceive)
    HAL_SPI_TransmitReceive_DMA              0x08002869   Thumb Code   270  stm32f4xx_hal_spi.o(i.HAL_SPI_TransmitReceive_DMA)
    HAL_SPI_Transmit_DMA                     0x0800298d   Thumb Code   202  stm32f4xx_hal_spi.o(i.HAL_SPI_Transmit_DMA)
    HAL_SPI_TxCpltCallback                   0x08002a65   Thumb Code     2  stm32f4xx_hal_spi.o(i.HAL_SPI_TxCpltCallback)
    HAL_SPI_TxHalfCpltCallback               0x08002a67   Thumb Code     2  stm32f4xx_hal_spi.o(i.HAL_SPI_TxHalfCpltCallback)
    HAL_SPI_TxRxCpltCallback                 0x08002a69   Thumb Code     2  stm32f4xx_hal_spi.o(i.HAL_SPI_TxRxCpltCallback)
    HAL_SPI_TxRxHalfCpltCallback             0x08002a6b   Thumb Code     2  stm32f4xx_hal_spi.o(i.HAL_SPI_TxRxHalfCpltCallback)
    HAL_TIMEx_BreakCallback                  0x08002a6d   Thumb Code     2  stm32f4xx_hal_tim_ex.o(i.HAL_TIMEx_BreakCallback)
    HAL_TIMEx_CommutCallback                 0x08002a6f   Thumb Code     2  stm32f4xx_hal_tim_ex.o(i.HAL_TIMEx_CommutCallback)
    HAL_TIMEx_MasterConfigSynchronization    0x08002a71   Thumb Code   116  stm32f4xx_hal_tim_ex.o(i.HAL_TIMEx_MasterConfigSynchronization)
    HAL_TIM_Base_Init                        0x08002b01   Thumb Code    90  stm32f4xx_hal_tim.o(i.HAL_TIM_Base_Init)
    HAL_TIM_Base_MspInit                     0x08002b5d   Thumb Code   126  tim.o(i.HAL_TIM_Base_MspInit)
    HAL_TIM_Base_Start                       0x08002be9   Thumb Code    90  stm32f4xx_hal_tim.o(i.HAL_TIM_Base_Start)
    HAL_TIM_Base_Start_IT                    0x08002c61   Thumb Code   100  stm32f4xx_hal_tim.o(i.HAL_TIM_Base_Start_IT)
    HAL_TIM_Base_Stop_IT                     0x08002ce1   Thumb Code    48  stm32f4xx_hal_tim.o(i.HAL_TIM_Base_Stop_IT)
    HAL_TIM_ConfigClockSource                0x08002d11   Thumb Code   220  stm32f4xx_hal_tim.o(i.HAL_TIM_ConfigClockSource)
    HAL_TIM_IC_CaptureCallback               0x08002ded   Thumb Code     2  stm32f4xx_hal_tim.o(i.HAL_TIM_IC_CaptureCallback)
    HAL_TIM_IRQHandler                       0x08002def   Thumb Code   358  stm32f4xx_hal_tim.o(i.HAL_TIM_IRQHandler)
    HAL_TIM_OC_DelayElapsedCallback          0x08002f55   Thumb Code     2  stm32f4xx_hal_tim.o(i.HAL_TIM_OC_DelayElapsedCallback)
    HAL_TIM_PWM_PulseFinishedCallback        0x08002f57   Thumb Code     2  stm32f4xx_hal_tim.o(i.HAL_TIM_PWM_PulseFinishedCallback)
    HAL_TIM_PeriodElapsedCallback            0x08002f59   Thumb Code   242  main.o(i.HAL_TIM_PeriodElapsedCallback)
    HAL_TIM_TriggerCallback                  0x080030a5   Thumb Code     2  stm32f4xx_hal_tim.o(i.HAL_TIM_TriggerCallback)
    HAL_UARTEx_RxEventCallback               0x080030a7   Thumb Code     2  stm32f4xx_hal_uart.o(i.HAL_UARTEx_RxEventCallback)
    HAL_UART_ErrorCallback                   0x080030a9   Thumb Code     2  stm32f4xx_hal_uart.o(i.HAL_UART_ErrorCallback)
    HAL_UART_IRQHandler                      0x080030ad   Thumb Code   610  stm32f4xx_hal_uart.o(i.HAL_UART_IRQHandler)
    HAL_UART_Init                            0x08003315   Thumb Code    98  stm32f4xx_hal_uart.o(i.HAL_UART_Init)
    HAL_UART_MspInit                         0x08003379   Thumb Code   110  usart.o(i.HAL_UART_MspInit)
    HAL_UART_RxCpltCallback                  0x080033f5   Thumb Code     2  stm32f4xx_hal_uart.o(i.HAL_UART_RxCpltCallback)
    HAL_UART_Transmit                        0x080033f9   Thumb Code   178  stm32f4xx_hal_uart.o(i.HAL_UART_Transmit)
    HAL_UART_TxCpltCallback                  0x080034ab   Thumb Code     2  stm32f4xx_hal_uart.o(i.HAL_UART_TxCpltCallback)
    HardFault_Handler                        0x080034ad   Thumb Code     2  stm32f4xx_it.o(i.HardFault_Handler)
    MX_ADC1_Init                             0x080034b1   Thumb Code    92  adc.o(i.MX_ADC1_Init)
    MX_DMA_Init                              0x08003519   Thumb Code    40  dma.o(i.MX_DMA_Init)
    MX_FREERTOS_Init                         0x08003545   Thumb Code   114  freertos.o(i.MX_FREERTOS_Init)
    MX_GPIO_Init                             0x080035e1   Thumb Code   556  gpio.o(i.MX_GPIO_Init)
    MX_RTC_Init                              0x08003829   Thumb Code   146  rtc.o(i.MX_RTC_Init)
    MX_SPI1_Init                             0x080038c5   Thumb Code    62  spi.o(i.MX_SPI1_Init)
    MX_TIM1_Init                             0x0800390d   Thumb Code   106  tim.o(i.MX_TIM1_Init)
    MX_TIM2_Init                             0x08003981   Thumb Code   114  tim.o(i.MX_TIM2_Init)
    MX_TIM3_Init                             0x080039f9   Thumb Code    98  tim.o(i.MX_TIM3_Init)
    MX_USART1_UART_Init                      0x08003a65   Thumb Code    48  usart.o(i.MX_USART1_UART_Init)
    MemManage_Handler                        0x08003a9d   Thumb Code     2  stm32f4xx_it.o(i.MemManage_Handler)
    NMI_Handler                              0x08003a9f   Thumb Code     2  stm32f4xx_it.o(i.NMI_Handler)
    RTC_Bcd2ToByte                           0x08003aa1   Thumb Code    18  stm32f4xx_hal_rtc.o(i.RTC_Bcd2ToByte)
    RTC_ByteToBcd2                           0x08003ab3   Thumb Code    24  stm32f4xx_hal_rtc.o(i.RTC_ByteToBcd2)
    RTC_EnterInitMode                        0x08003acd   Thumb Code    72  stm32f4xx_hal_rtc.o(i.RTC_EnterInitMode)
    RTC_ExitInitMode                         0x08003b15   Thumb Code    42  stm32f4xx_hal_rtc.o(i.RTC_ExitInitMode)
    RTC_WKUP_IRQHandler                      0x08003b41   Thumb Code     6  stm32f4xx_it.o(i.RTC_WKUP_IRQHandler)
    SPI_SendByte                             0x08003d69   Thumb Code    52  spi.o(i.SPI_SendByte)
    STMFLASH_GetFlashSector                  0x08003e59   Thumb Code   114  flash_function.o(i.STMFLASH_GetFlashSector)
    StartDefaultTask                         0x08003ef9   Thumb Code    26  freertos.o(i.StartDefaultTask)
    SysTick_Handler                          0x08003f19   Thumb Code    26  cmsis_os2.o(i.SysTick_Handler)
    SystemClock_Config                       0x08003f35   Thumb Code   148  main.o(i.SystemClock_Config)
    SystemInit                               0x08003fd1   Thumb Code    12  system_stm32f4xx.o(i.SystemInit)
    TFT_SEND_CMD                             0x08003fe1   Thumb Code    12  spi_tft.o(i.TFT_SEND_CMD)
    TFT_SEND_DATA                            0x08003ff1   Thumb Code    12  spi_tft.o(i.TFT_SEND_DATA)
    TFT_clear                                0x08004001   Thumb Code   174  spi_tft.o(i.TFT_clear)
    TFT_init                                 0x080040b9   Thumb Code   448  spi_tft.o(i.TFT_init)
    TIM1_UP_TIM10_IRQHandler                 0x0800427d   Thumb Code     6  stm32f4xx_it.o(i.TIM1_UP_TIM10_IRQHandler)
    TIM2_IRQHandler                          0x08004289   Thumb Code     6  stm32f4xx_it.o(i.TIM2_IRQHandler)
    TIM3_IRQHandler                          0x08004295   Thumb Code     6  stm32f4xx_it.o(i.TIM3_IRQHandler)
    TIM4_IRQHandler                          0x080042a1   Thumb Code     6  stm32f4xx_it.o(i.TIM4_IRQHandler)
    TIM_Base_SetConfig                       0x080042ad   Thumb Code   156  stm32f4xx_hal_tim.o(i.TIM_Base_SetConfig)
    TIM_ETR_SetConfig                        0x08004375   Thumb Code    20  stm32f4xx_hal_tim.o(i.TIM_ETR_SetConfig)
    USART1_IRQHandler                        0x08004681   Thumb Code     6  stm32f4xx_it.o(i.USART1_IRQHandler)
    UsageFault_Handler                       0x0800468d   Thumb Code     2  stm32f4xx_it.o(i.UsageFault_Handler)
    __0printf                                0x08004691   Thumb Code    22  printfa.o(i.__0printf)
    __1printf                                0x08004691   Thumb Code     0  printfa.o(i.__0printf)
    __2printf                                0x08004691   Thumb Code     0  printfa.o(i.__0printf)
    __c89printf                              0x08004691   Thumb Code     0  printfa.o(i.__0printf)
    printf                                   0x08004691   Thumb Code     0  printfa.o(i.__0printf)
    __0sprintf                               0x080046b1   Thumb Code    34  printfa.o(i.__0sprintf)
    __1sprintf                               0x080046b1   Thumb Code     0  printfa.o(i.__0sprintf)
    __2sprintf                               0x080046b1   Thumb Code     0  printfa.o(i.__0sprintf)
    __c89sprintf                             0x080046b1   Thumb Code     0  printfa.o(i.__0sprintf)
    sprintf                                  0x080046b1   Thumb Code     0  printfa.o(i.__0sprintf)
    __0vprintf                               0x080046d9   Thumb Code     8  printfa.o(i.__0vprintf)
    __1vprintf                               0x080046d9   Thumb Code     0  printfa.o(i.__0vprintf)
    __2vprintf                               0x080046d9   Thumb Code     0  printfa.o(i.__0vprintf)
    __c89vprintf                             0x080046d9   Thumb Code     0  printfa.o(i.__0vprintf)
    vprintf                                  0x080046d9   Thumb Code     0  printfa.o(i.__0vprintf)
    __scatterload_copy                       0x08004709   Thumb Code    14  handlers.o(i.__scatterload_copy)
    __scatterload_null                       0x08004717   Thumb Code     2  handlers.o(i.__scatterload_null)
    __scatterload_zeroinit                   0x08004719   Thumb Code    14  handlers.o(i.__scatterload_zeroinit)
    backup_flash_data                        0x08005815   Thumb Code    22  password.o(i.backup_flash_data)
    bat_handle                               0x08005831   Thumb Code    56  menu.o(i.bat_handle)
    beep_long                                0x08005879   Thumb Code    44  beep.o(i.beep_long)
    beep_short                               0x080058a9   Thumb Code    44  beep.o(i.beep_short)
    change_password                          0x080058d9   Thumb Code   100  password.o(i.change_password)
    delay_ms                                 0x080059ad   Thumb Code     4  delay.o(i.delay_ms)
    delay_us                                 0x080059b1   Thumb Code    54  delay.o(i.delay_us)
    dgb_printf_safe                          0x080059f1   Thumb Code    44  freertos.o(i.dgb_printf_safe)
    dht11_get_data                           0x08005a21   Thumb Code   332  dht11.o(i.dht11_get_data)
    display_char                             0x08005b79   Thumb Code   272  spi_tft.o(i.display_char)
    dma_tft_start                            0x08005c99   Thumb Code   140  spi_tft.o(i.dma_tft_start)
    factory_password_init                    0x08005d31   Thumb Code    58  password.o(i.factory_password_init)
    flash_erase_sector                       0x08005d79   Thumb Code    58  flash_function.o(i.flash_erase_sector)
    flash_read_data                          0x08005dcd   Thumb Code    22  flash_function.o(i.flash_read_data)
    flash_write_data                         0x08005de5   Thumb Code    68  flash_function.o(i.flash_write_data)
    fputc                                    0x08005e29   Thumb Code    20  usart.o(i.fputc)
    handle_authenticated_input               0x08005e41   Thumb Code   116  matrix_keyboard.o(i.handle_authenticated_input)
    hex_to_string                            0x08005f0d   Thumb Code    58  password.o(i.hex_to_string)
    keyboard_handle                          0x08005f49   Thumb Code   148  menu.o(i.keyboard_handle)
    main                                     0x08006015   Thumb Code    64  main.o(i.main)
    matrix_key_scan                          0x08006069   Thumb Code   220  matrix_keyboard.o(i.matrix_key_scan)
    matrix_val_convert                       0x0800614d   Thumb Code    30  matrix_keyboard.o(i.matrix_val_convert)
    menu_show                                0x0800617d   Thumb Code    86  freertos.o(i.menu_show)
    modify_flash_data_in_ram                 0x080061d9   Thumb Code    42  password.o(i.modify_flash_data_in_ram)
    new_password_input                       0x0800620d   Thumb Code   162  password.o(i.new_password_input)
    osKernelInitialize                       0x08006331   Thumb Code    32  cmsis_os2.o(i.osKernelInitialize)
    osKernelStart                            0x08006355   Thumb Code    48  cmsis_os2.o(i.osKernelStart)
    osThreadNew                              0x0800638d   Thumb Code   136  cmsis_os2.o(i.osThreadNew)
    print_system_runtime                     0x08006415   Thumb Code    26  matrix_keyboard.o(i.print_system_runtime)
    pvPortMalloc                             0x08006c61   Thumb Code   216  heap_4.o(i.pvPortMalloc)
    pvTaskIncrementMutexHeldCount            0x08006d3d   Thumb Code    18  tasks.o(i.pvTaskIncrementMutexHeldCount)
    pxPortInitialiseStack                    0x08006d55   Thumb Code    40  port.o(i.pxPortInitialiseStack)
    rtc_handle                               0x08006d81   Thumb Code    56  menu.o(i.rtc_handle)
    show_char                                0x08006dc9   Thumb Code    64  spi_tft.o(i.show_char)
    temp_humi_handle                         0x08006e09   Thumb Code    56  menu.o(i.temp_humi_handle)
    total_menu_items                         0x08006e55   Thumb Code    22  freertos.o(i.total_menu_items)
    uxListRemove                             0x08006e6b   Thumb Code    38  list.o(i.uxListRemove)
    uxTaskGetStackHighWaterMark              0x08006e91   Thumb Code    12  tasks.o(i.uxTaskGetStackHighWaterMark)
    uxTaskResetEventItemValue                0x08006ea1   Thumb Code    20  tasks.o(i.uxTaskResetEventItemValue)
    vApplicationGetIdleTaskMemory            0x08006eb9   Thumb Code    16  cmsis_os2.o(i.vApplicationGetIdleTaskMemory)
    vApplicationGetTimerTaskMemory           0x08006ecd   Thumb Code    18  cmsis_os2.o(i.vApplicationGetTimerTaskMemory)
    vEventGroupSetBitsCallback               0x08006ee5   Thumb Code     4  event_groups.o(i.vEventGroupSetBitsCallback)
    vListInitialise                          0x08006ee9   Thumb Code    22  list.o(i.vListInitialise)
    vListInitialiseItem                      0x08006eff   Thumb Code     6  list.o(i.vListInitialiseItem)
    vListInsert                              0x08006f05   Thumb Code    48  list.o(i.vListInsert)
    vListInsertEnd                           0x08006f35   Thumb Code    24  list.o(i.vListInsertEnd)
    vPortEnterCritical                       0x08006f4d   Thumb Code    54  port.o(i.vPortEnterCritical)
    vPortExitCritical                        0x08006f8d   Thumb Code    34  port.o(i.vPortExitCritical)
    vPortFree                                0x08006fb5   Thumb Code    94  heap_4.o(i.vPortFree)
    vPortSetupTimerInterrupt                 0x08007019   Thumb Code    32  port.o(i.vPortSetupTimerInterrupt)
    vPortValidateInterruptPriority           0x0800703d   Thumb Code    74  port.o(i.vPortValidateInterruptPriority)
    vQueueAddToRegistry                      0x08007091   Thumb Code    34  queue.o(i.vQueueAddToRegistry)
    vQueueWaitForMessageRestricted           0x080070b9   Thumb Code    68  queue.o(i.vQueueWaitForMessageRestricted)
    vTaskDelay                               0x080070fd   Thumb Code    66  tasks.o(i.vTaskDelay)
    vTaskDelete                              0x08007149   Thumb Code   130  tasks.o(i.vTaskDelete)
    vTaskInternalSetTimeOutState             0x080071d9   Thumb Code    12  tasks.o(i.vTaskInternalSetTimeOutState)
    vTaskMissedYield                         0x080071e9   Thumb Code     8  tasks.o(i.vTaskMissedYield)
    vTaskPlaceOnEventList                    0x080071f5   Thumb Code    44  tasks.o(i.vTaskPlaceOnEventList)
    vTaskPlaceOnEventListRestricted          0x08007225   Thumb Code    52  tasks.o(i.vTaskPlaceOnEventListRestricted)
    vTaskPlaceOnUnorderedEventList           0x0800725d   Thumb Code    76  tasks.o(i.vTaskPlaceOnUnorderedEventList)
    vTaskPriorityDisinheritAfterTimeout      0x080072ad   Thumb Code   134  tasks.o(i.vTaskPriorityDisinheritAfterTimeout)
    vTaskRemoveFromUnorderedEventList        0x0800733d   Thumb Code   102  tasks.o(i.vTaskRemoveFromUnorderedEventList)
    vTaskResume                              0x080073ad   Thumb Code   110  tasks.o(i.vTaskResume)
    vTaskStartScheduler                      0x08007429   Thumb Code   118  tasks.o(i.vTaskStartScheduler)
    vTaskSuspend                             0x080074b1   Thumb Code   144  tasks.o(i.vTaskSuspend)
    vTaskSuspendAll                          0x0800754d   Thumb Code    10  tasks.o(i.vTaskSuspendAll)
    vTaskSwitchContext                       0x0800755d   Thumb Code    90  tasks.o(i.vTaskSwitchContext)
    verify_password                          0x080075c1   Thumb Code   104  password.o(i.verify_password)
    write_new_password_2_flash               0x08007675   Thumb Code    38  password.o(i.write_new_password_2_flash)
    xEventGroupCreate                        0x080076c1   Thumb Code    28  event_groups.o(i.xEventGroupCreate)
    xEventGroupSetBits                       0x080076dd   Thumb Code   140  event_groups.o(i.xEventGroupSetBits)
    xEventGroupSetBitsFromISR                0x08007769   Thumb Code    12  event_groups.o(i.xEventGroupSetBitsFromISR)
    xEventGroupWaitBits                      0x08007779   Thumb Code   260  event_groups.o(i.xEventGroupWaitBits)
    xPortStartScheduler                      0x08007881   Thumb Code   222  port.o(i.xPortStartScheduler)
    xPortSysTickHandler                      0x08007975   Thumb Code    38  port.o(i.xPortSysTickHandler)
    xQueueCreateMutex                        0x080079a1   Thumb Code    22  queue.o(i.xQueueCreateMutex)
    xQueueGenericCreate                      0x080079b7   Thumb Code    66  queue.o(i.xQueueGenericCreate)
    xQueueGenericCreateStatic                0x080079f9   Thumb Code   102  queue.o(i.xQueueGenericCreateStatic)
    xQueueGenericReset                       0x08007a61   Thumb Code   132  queue.o(i.xQueueGenericReset)
    xQueueGenericSend                        0x08007ae9   Thumb Code   346  queue.o(i.xQueueGenericSend)
    xQueueGenericSendFromISR                 0x08007c49   Thumb Code   190  queue.o(i.xQueueGenericSendFromISR)
    xQueueGiveFromISR                        0x08007d07   Thumb Code   156  queue.o(i.xQueueGiveFromISR)
    xQueueReceive                            0x08007da5   Thumb Code   308  queue.o(i.xQueueReceive)
    xQueueReceiveFromISR                     0x08007edd   Thumb Code   154  queue.o(i.xQueueReceiveFromISR)
    xQueueSemaphoreTake                      0x08007f79   Thumb Code   372  queue.o(i.xQueueSemaphoreTake)
    xTaskCheckForTimeOut                     0x080080f1   Thumb Code   112  tasks.o(i.xTaskCheckForTimeOut)
    xTaskCreate                              0x08008165   Thumb Code    90  tasks.o(i.xTaskCreate)
    xTaskCreateStatic                        0x080081bf   Thumb Code    86  tasks.o(i.xTaskCreateStatic)
    xTaskGetSchedulerState                   0x08008215   Thumb Code    22  tasks.o(i.xTaskGetSchedulerState)
    xTaskGetTickCount                        0x08008231   Thumb Code     6  tasks.o(i.xTaskGetTickCount)
    xTaskIncrementTick                       0x0800823d   Thumb Code   192  tasks.o(i.xTaskIncrementTick)
    xTaskPriorityDisinherit                  0x08008305   Thumb Code   118  tasks.o(i.xTaskPriorityDisinherit)
    xTaskPriorityInherit                     0x08008385   Thumb Code   112  tasks.o(i.xTaskPriorityInherit)
    xTaskRemoveFromEventList                 0x080083fd   Thumb Code    98  tasks.o(i.xTaskRemoveFromEventList)
    xTaskResumeAll                           0x0800846d   Thumb Code   182  tasks.o(i.xTaskResumeAll)
    xTimerCreateTimerTask                    0x08008531   Thumb Code    78  timers.o(i.xTimerCreateTimerTask)
    xTimerGenericCommand                     0x08008591   Thumb Code    98  timers.o(i.xTimerGenericCommand)
    xTimerPendFunctionCallFromISR            0x080085f9   Thumb Code    34  timers.o(i.xTimerPendFunctionCallFromISR)
    defaultTask_attributes                   0x08008620   Data          36  freertos.o(.constdata)
    AHBPrescTable                            0x080086f4   Data          16  system_stm32f4xx.o(.constdata)
    APBPrescTable                            0x08008704   Data           8  system_stm32f4xx.o(.constdata)
    asc2_1608                                0x0800870c   Data        1520  spi_tft_font.o(.constdata)
    asc2_3216                                0x08008cfc   Data        6080  spi_tft_font.o(.constdata)
    Region$$Table$$Base                      0x0800a580   Number         0  anon$$obj.o(Region$$Table)
    Region$$Table$$Limit                     0x0800a5a0   Number         0  anon$$obj.o(Region$$Table)
    promt_flag                               0x20000000   Data           1  freertos.o(.data)
    freertos_input_show_index                0x20000001   Data           1  freertos.o(.data)
    freertos_password_index                  0x20000002   Data           1  freertos.o(.data)
    app_task_rtc_handle                      0x20000008   Data           4  freertos.o(.data)
    app_task_bat_handle                      0x2000000c   Data           4  freertos.o(.data)
    app_task_temp_humi_handle                0x20000010   Data           4  freertos.o(.data)
    app_task_keyboard_handle                 0x20000014   Data           4  freertos.o(.data)
    g_mutex_printf                           0x20000018   Data           4  freertos.o(.data)
    g_key_event_group                        0x2000001c   Data           4  freertos.o(.data)
    g_rtc_event_group                        0x20000020   Data           4  freertos.o(.data)
    g_bat_event_group                        0x20000024   Data           4  freertos.o(.data)
    g_temp_humi_event_group                  0x20000028   Data           4  freertos.o(.data)
    g_keyboard_event_group                   0x2000002c   Data           4  freertos.o(.data)
    g_queue_table_index                      0x20000030   Data           4  freertos.o(.data)
    g_queue_func_run                         0x20000034   Data           4  freertos.o(.data)
    g_queue_tft_info                         0x20000038   Data           4  freertos.o(.data)
    defaultTaskHandle                        0x2000003c   Data           4  freertos.o(.data)
    freertos_client_password                 0x20000040   Data           7  freertos.o(.data)
    RTC_DateStructure                        0x20000050   Data           4  rtc.o(.data)
    __stdout                                 0x20000054   Data           4  usart.o(.data)
    uwTickFreq                               0x20000058   Data           1  stm32f4xx_hal.o(.data)
    uwTickPrio                               0x2000005c   Data           4  stm32f4xx_hal.o(.data)
    uwTick                                   0x20000060   Data           4  stm32f4xx_hal.o(.data)
    SystemCoreClock                          0x20000064   Data           4  system_stm32f4xx.o(.data)
    pxCurrentTCB                             0x20000068   Data           4  tasks.o(.data)
    menu_L1                                  0x200000e8   Data         140  menu.o(.data)
    func0                                    0x20000174   Data          20  menu.o(.data)
    func1                                    0x20000188   Data          20  menu.o(.data)
    func2                                    0x2000019c   Data          20  menu.o(.data)
    func4                                    0x200001b0   Data          20  menu.o(.data)
    g_buf_index                              0x200001c4   Data           2  spi_tft.o(.data)
    sysTimeCnt                               0x200001c8   Data           4  matrix_keyboard.o(.data)
    milliseconds                             0x200001cc   Data           4  matrix_keyboard.o(.data)
    seconds                                  0x200001d0   Data           4  matrix_keyboard.o(.data)
    minutes                                  0x200001d4   Data           4  matrix_keyboard.o(.data)
    hours                                    0x200001d8   Data           4  matrix_keyboard.o(.data)
    days                                     0x200001dc   Data           4  matrix_keyboard.o(.data)
    COL_PINS                                 0x200001e0   Data           8  matrix_keyboard.o(.data)
    ROW_PINS                                 0x200001e8   Data           8  matrix_keyboard.o(.data)
    COL_PORT_GROUP                           0x200001f0   Data          16  matrix_keyboard.o(.data)
    ROW_PORT_GROUP                           0x20000200   Data          16  matrix_keyboard.o(.data)
    authenticated                            0x20000210   Data           1  password.o(.data)
    password_password_index                  0x20000211   Data           1  password.o(.data)
    factory_password                         0x20000214   Data           4  password.o(.data)
    factory_password_flag                    0x20000218   Data           4  password.o(.data)
    password                                 0x2000021c   Data           7  password.o(.data)
    input_password                           0x20000223   Data           7  password.o(.data)
    hadc1                                    0x2000022c   Data          72  adc.o(.bss)
    RTC_TimeStructure                        0x20000274   Data          20  rtc.o(.bss)
    hrtc                                     0x20000288   Data          32  rtc.o(.bss)
    hspi1                                    0x200002a8   Data          88  spi.o(.bss)
    hdma_spi1_tx                             0x20000300   Data          96  spi.o(.bss)
    htim1                                    0x20000360   Data          72  tim.o(.bss)
    htim2                                    0x200003a8   Data          72  tim.o(.bss)
    htim3                                    0x200003f0   Data          72  tim.o(.bss)
    huart1                                   0x20000438   Data          68  usart.o(.bss)
    htim4                                    0x2000047c   Data          72  stm32f4xx_hal_timebase_tim.o(.bss)
    pFlash                                   0x200004c4   Data          32  stm32f4xx_hal_flash.o(.bss)
    xQueueRegistry                           0x200004e4   Data          64  queue.o(.bss)
    g_tft_send_buf                           0x20004db8   Data         128  spi_tft.o(.bss)
    __initial_sp                             0x200052a8   Data           0  startup_stm32f407xx.o(STACK)



==============================================================================

Memory Map of the image

  Image Entry point : 0x08000189

  Load Region LR_IROM1 (Base: 0x08000000, Size: 0x0000a7cc, Max: 0x00080000, ABSOLUTE, COMPRESSED[0x0000a618])

    Execution Region ER_IROM1 (Base: 0x08000000, Size: 0x0000a5a0, Max: 0x00080000, ABSOLUTE)

    Base Addr    Size         Type   Attr      Idx    E Section Name        Object

    0x08000000   0x00000188   Data   RO            3    RESET               startup_stm32f407xx.o
    0x08000188   0x00000000   Code   RO         6598  * .ARM.Collect$$$$00000000  mc_w.l(entry.o)
    0x08000188   0x00000004   Code   RO         6884    .ARM.Collect$$$$00000001  mc_w.l(entry2.o)
    0x0800018c   0x00000004   Code   RO         6887    .ARM.Collect$$$$00000004  mc_w.l(entry5.o)
    0x08000190   0x00000000   Code   RO         6889    .ARM.Collect$$$$00000008  mc_w.l(entry7b.o)
    0x08000190   0x00000000   Code   RO         6891    .ARM.Collect$$$$0000000A  mc_w.l(entry8b.o)
    0x08000190   0x00000008   Code   RO         6892    .ARM.Collect$$$$0000000B  mc_w.l(entry9a.o)
    0x08000198   0x00000000   Code   RO         6894    .ARM.Collect$$$$0000000D  mc_w.l(entry10a.o)
    0x08000198   0x00000000   Code   RO         6896    .ARM.Collect$$$$0000000F  mc_w.l(entry11a.o)
    0x08000198   0x00000004   Code   RO         6885    .ARM.Collect$$$$00002712  mc_w.l(entry2.o)
    0x0800019c   0x000000be   Code   RO         6065    .emb_text           port.o
    0x0800025a   0x00000002   PAD
    0x0800025c   0x00000024   Code   RO            4    .text               startup_stm32f407xx.o
    0x08000280   0x00000062   Code   RO         6601    .text               mc_w.l(uldiv.o)
    0x080002e2   0x00000024   Code   RO         6603    .text               mc_w.l(memcpya.o)
    0x08000306   0x00000024   Code   RO         6607    .text               mc_w.l(memseta.o)
    0x0800032a   0x0000000e   Code   RO         6609    .text               mc_w.l(strlen.o)
    0x08000338   0x0000001e   Code   RO         6611    .text               mc_w.l(strncmp.o)
    0x08000356   0x000000e4   Code   RO         6876    .text               mf_w.l(dmul.o)
    0x0800043a   0x000000de   Code   RO         6878    .text               mf_w.l(ddiv.o)
    0x08000518   0x0000001a   Code   RO         6880    .text               mf_w.l(dfltui.o)
    0x08000532   0x00000032   Code   RO         6882    .text               mf_w.l(dfixui.o)
    0x08000564   0x0000002c   Code   RO         6898    .text               mc_w.l(uidiv.o)
    0x08000590   0x0000001e   Code   RO         6900    .text               mc_w.l(llshl.o)
    0x080005ae   0x00000020   Code   RO         6902    .text               mc_w.l(llushr.o)
    0x080005ce   0x00000000   Code   RO         6904    .text               mc_w.l(iusefp.o)
    0x080005ce   0x000000ba   Code   RO         6905    .text               mf_w.l(depilogue.o)
    0x08000688   0x0000014e   Code   RO         6907    .text               mf_w.l(dadd.o)
    0x080007d6   0x00000030   Code   RO         6909    .text               mf_w.l(dfixul.o)
    0x08000806   0x00000002   PAD
    0x08000808   0x00000030   Code   RO         6911    .text               mf_w.l(cdrcmple.o)
    0x08000838   0x00000024   Code   RO         6913    .text               mc_w.l(init.o)
    0x0800085c   0x00000024   Code   RO         6915    .text               mc_w.l(llsshr.o)
    0x08000880   0x00000056   Code   RO         6925    .text               mc_w.l(__dczerorl2.o)
    0x080008d6   0x00000002   PAD
    0x080008d8   0x00000128   Code   RO          898    i.ADC_Init          stm32f4xx_hal_adc.o
    0x08000a00   0x00000012   Code   RO         6145    i.BCD_to_Dec        menu.o
    0x08000a12   0x00000002   Code   RO          691    i.BusFault_Handler  stm32f4xx_it.o
    0x08000a14   0x0000000c   Code   RO          692    i.DMA2_Stream3_IRQHandler  stm32f4xx_it.o
    0x08000a20   0x00000028   Code   RO         1632    i.DMA_CalcBaseAndBitshift  stm32f4xx_hal_dma.o
    0x08000a48   0x00000054   Code   RO         1633    i.DMA_CheckFifoParam  stm32f4xx_hal_dma.o
    0x08000a9c   0x00000028   Code   RO         1634    i.DMA_SetConfig     stm32f4xx_hal_dma.o
    0x08000ac4   0x00000002   Code   RO          693    i.DebugMon_Handler  stm32f4xx_it.o
    0x08000ac6   0x00000006   Code   RO          694    i.EXTI0_IRQHandler  stm32f4xx_it.o
    0x08000acc   0x00000006   Code   RO          695    i.EXTI2_IRQHandler  stm32f4xx_it.o
    0x08000ad2   0x00000006   Code   RO          696    i.EXTI3_IRQHandler  stm32f4xx_it.o
    0x08000ad8   0x00000006   Code   RO          697    i.EXTI4_IRQHandler  stm32f4xx_it.o
    0x08000ade   0x00000004   Code   RO           13    i.Error_Handler     main.o
    0x08000ae2   0x00000002   PAD
    0x08000ae4   0x00000050   Code   RO         1447    i.FLASH_Erase_Sector  stm32f4xx_hal_flash_ex.o
    0x08000b34   0x00000054   Code   RO         1448    i.FLASH_FlushCaches  stm32f4xx_hal_flash_ex.o
    0x08000b88   0x00000028   Code   RO         1449    i.FLASH_MassErase   stm32f4xx_hal_flash_ex.o
    0x08000bb0   0x00000020   Code   RO         1329    i.FLASH_Program_Byte  stm32f4xx_hal_flash.o
    0x08000bd0   0x0000002c   Code   RO         1330    i.FLASH_Program_DoubleWord  stm32f4xx_hal_flash.o
    0x08000bfc   0x00000024   Code   RO         1331    i.FLASH_Program_HalfWord  stm32f4xx_hal_flash.o
    0x08000c20   0x00000024   Code   RO         1332    i.FLASH_Program_Word  stm32f4xx_hal_flash.o
    0x08000c44   0x00000068   Code   RO         1333    i.FLASH_SetErrorCode  stm32f4xx_hal_flash.o
    0x08000cac   0x00000050   Code   RO         1334    i.FLASH_WaitForLastOperation  stm32f4xx_hal_flash.o
    0x08000cfc   0x0000014c   Code   RO          900    i.HAL_ADC_ConfigChannel  stm32f4xx_hal_adc.o
    0x08000e48   0x00000006   Code   RO          907    i.HAL_ADC_GetValue  stm32f4xx_hal_adc.o
    0x08000e4e   0x00000054   Code   RO          909    i.HAL_ADC_Init      stm32f4xx_hal_adc.o
    0x08000ea2   0x00000002   PAD
    0x08000ea4   0x00000060   Code   RO          425    i.HAL_ADC_MspInit   adc.o
    0x08000f04   0x000000fc   Code   RO          915    i.HAL_ADC_Start     stm32f4xx_hal_adc.o
    0x08001000   0x00000092   Code   RO         1635    i.HAL_DMA_Abort     stm32f4xx_hal_dma.o
    0x08001092   0x00000024   Code   RO         1636    i.HAL_DMA_Abort_IT  stm32f4xx_hal_dma.o
    0x080010b6   0x00000006   Code   RO         1639    i.HAL_DMA_GetState  stm32f4xx_hal_dma.o
    0x080010bc   0x000001a0   Code   RO         1640    i.HAL_DMA_IRQHandler  stm32f4xx_hal_dma.o
    0x0800125c   0x000000d4   Code   RO         1641    i.HAL_DMA_Init      stm32f4xx_hal_dma.o
    0x08001330   0x0000006e   Code   RO         1645    i.HAL_DMA_Start_IT  stm32f4xx_hal_dma.o
    0x0800139e   0x00000002   PAD
    0x080013a0   0x00000098   Code   RO         1450    i.HAL_FLASHEx_Erase  stm32f4xx_hal_flash_ex.o
    0x08001438   0x00000014   Code   RO         1338    i.HAL_FLASH_Lock    stm32f4xx_hal_flash.o
    0x0800144c   0x0000007c   Code   RO         1343    i.HAL_FLASH_Program  stm32f4xx_hal_flash.o
    0x080014c8   0x0000002c   Code   RO         1345    i.HAL_FLASH_Unlock  stm32f4xx_hal_flash.o
    0x080014f4   0x000000d8   Code   RO          698    i.HAL_GPIO_EXTI_Callback  stm32f4xx_it.o
    0x080015cc   0x00000018   Code   RO         1527    i.HAL_GPIO_EXTI_IRQHandler  stm32f4xx_hal_gpio.o
    0x080015e4   0x000001f0   Code   RO         1528    i.HAL_GPIO_Init     stm32f4xx_hal_gpio.o
    0x080017d4   0x0000000a   Code   RO         1530    i.HAL_GPIO_ReadPin  stm32f4xx_hal_gpio.o
    0x080017de   0x00000010   Code   RO         1531    i.HAL_GPIO_TogglePin  stm32f4xx_hal_gpio.o
    0x080017ee   0x0000000a   Code   RO         1532    i.HAL_GPIO_WritePin  stm32f4xx_hal_gpio.o
    0x080017f8   0x0000000c   Code   RO         2060    i.HAL_GetTick       stm32f4xx_hal.o
    0x08001804   0x00000010   Code   RO         2066    i.HAL_IncTick       stm32f4xx_hal.o
    0x08001814   0x00000034   Code   RO         2067    i.HAL_Init          stm32f4xx_hal.o
    0x08001848   0x00000098   Code   RO          856    i.HAL_InitTick      stm32f4xx_hal_timebase_tim.o
    0x080018e0   0x00000038   Code   RO          832    i.HAL_MspInit       stm32f4xx_hal_msp.o
    0x08001918   0x0000001a   Code   RO         1917    i.HAL_NVIC_EnableIRQ  stm32f4xx_hal_cortex.o
    0x08001932   0x00000002   PAD
    0x08001934   0x00000040   Code   RO         1923    i.HAL_NVIC_SetPriority  stm32f4xx_hal_cortex.o
    0x08001974   0x00000024   Code   RO         1924    i.HAL_NVIC_SetPriorityGrouping  stm32f4xx_hal_cortex.o
    0x08001998   0x00000024   Code   RO         1925    i.HAL_NVIC_SystemReset  stm32f4xx_hal_cortex.o
    0x080019bc   0x0000013c   Code   RO         1279    i.HAL_RCCEx_PeriphCLKConfig  stm32f4xx_hal_rcc_ex.o
    0x08001af8   0x00000134   Code   RO         1174    i.HAL_RCC_ClockConfig  stm32f4xx_hal_rcc.o
    0x08001c2c   0x00000040   Code   RO         1178    i.HAL_RCC_GetClockConfig  stm32f4xx_hal_rcc.o
    0x08001c6c   0x00000020   Code   RO         1181    i.HAL_RCC_GetPCLK1Freq  stm32f4xx_hal_rcc.o
    0x08001c8c   0x00000020   Code   RO         1182    i.HAL_RCC_GetPCLK2Freq  stm32f4xx_hal_rcc.o
    0x08001cac   0x00000060   Code   RO         1183    i.HAL_RCC_GetSysClockFreq  stm32f4xx_hal_rcc.o
    0x08001d0c   0x0000036c   Code   RO         1186    i.HAL_RCC_OscConfig  stm32f4xx_hal_rcc.o
    0x08002078   0x000000f4   Code   RO         2506    i.HAL_RTCEx_SetWakeUpTimer_IT  stm32f4xx_hal_rtc_ex.o
    0x0800216c   0x00000054   Code   RO          699    i.HAL_RTCEx_WakeUpTimerEventCallback  stm32f4xx_it.o
    0x080021c0   0x00000034   Code   RO         2512    i.HAL_RTCEx_WakeUpTimerIRQHandler  stm32f4xx_hal_rtc_ex.o
    0x080021f4   0x00000044   Code   RO         2315    i.HAL_RTC_GetDate   stm32f4xx_hal_rtc.o
    0x08002238   0x00000054   Code   RO         2317    i.HAL_RTC_GetTime   stm32f4xx_hal_rtc.o
    0x0800228c   0x0000008c   Code   RO         2318    i.HAL_RTC_Init      stm32f4xx_hal_rtc.o
    0x08002318   0x00000048   Code   RO          491    i.HAL_RTC_MspInit   rtc.o
    0x08002360   0x00000098   Code   RO         2324    i.HAL_RTC_SetDate   stm32f4xx_hal_rtc.o
    0x080023f8   0x000000c0   Code   RO         2325    i.HAL_RTC_SetTime   stm32f4xx_hal_rtc.o
    0x080024b8   0x00000036   Code   RO         2326    i.HAL_RTC_WaitForSynchro  stm32f4xx_hal_rtc.o
    0x080024ee   0x00000002   Code   RO         2713    i.HAL_SPI_ErrorCallback  stm32f4xx_hal_spi.o
    0x080024f0   0x00000006   Code   RO         2715    i.HAL_SPI_GetState  stm32f4xx_hal_spi.o
    0x080024f6   0x000000bc   Code   RO         2717    i.HAL_SPI_Init      stm32f4xx_hal_spi.o
    0x080025b2   0x00000002   PAD
    0x080025b4   0x000000cc   Code   RO          535    i.HAL_SPI_MspInit   spi.o
    0x08002680   0x00000002   Code   RO         2723    i.HAL_SPI_RxCpltCallback  stm32f4xx_hal_spi.o
    0x08002682   0x00000002   Code   RO         2724    i.HAL_SPI_RxHalfCpltCallback  stm32f4xx_hal_spi.o
    0x08002684   0x000001e2   Code   RO         2726    i.HAL_SPI_TransmitReceive  stm32f4xx_hal_spi.o
    0x08002866   0x00000002   PAD
    0x08002868   0x00000124   Code   RO         2727    i.HAL_SPI_TransmitReceive_DMA  stm32f4xx_hal_spi.o
    0x0800298c   0x000000d8   Code   RO         2729    i.HAL_SPI_Transmit_DMA  stm32f4xx_hal_spi.o
    0x08002a64   0x00000002   Code   RO         2731    i.HAL_SPI_TxCpltCallback  stm32f4xx_hal_spi.o
    0x08002a66   0x00000002   Code   RO         2732    i.HAL_SPI_TxHalfCpltCallback  stm32f4xx_hal_spi.o
    0x08002a68   0x00000002   Code   RO         2733    i.HAL_SPI_TxRxCpltCallback  stm32f4xx_hal_spi.o
    0x08002a6a   0x00000002   Code   RO         2734    i.HAL_SPI_TxRxHalfCpltCallback  stm32f4xx_hal_spi.o
    0x08002a6c   0x00000002   Code   RO         3734    i.HAL_TIMEx_BreakCallback  stm32f4xx_hal_tim_ex.o
    0x08002a6e   0x00000002   Code   RO         3735    i.HAL_TIMEx_CommutCallback  stm32f4xx_hal_tim_ex.o
    0x08002a70   0x00000090   Code   RO         3753    i.HAL_TIMEx_MasterConfigSynchronization  stm32f4xx_hal_tim_ex.o
    0x08002b00   0x0000005a   Code   RO         3030    i.HAL_TIM_Base_Init  stm32f4xx_hal_tim.o
    0x08002b5a   0x00000002   PAD
    0x08002b5c   0x0000008c   Code   RO          583    i.HAL_TIM_Base_MspInit  tim.o
    0x08002be8   0x00000078   Code   RO         3033    i.HAL_TIM_Base_Start  stm32f4xx_hal_tim.o
    0x08002c60   0x00000080   Code   RO         3035    i.HAL_TIM_Base_Start_IT  stm32f4xx_hal_tim.o
    0x08002ce0   0x00000030   Code   RO         3038    i.HAL_TIM_Base_Stop_IT  stm32f4xx_hal_tim.o
    0x08002d10   0x000000dc   Code   RO         3039    i.HAL_TIM_ConfigClockSource  stm32f4xx_hal_tim.o
    0x08002dec   0x00000002   Code   RO         3064    i.HAL_TIM_IC_CaptureCallback  stm32f4xx_hal_tim.o
    0x08002dee   0x00000166   Code   RO         3078    i.HAL_TIM_IRQHandler  stm32f4xx_hal_tim.o
    0x08002f54   0x00000002   Code   RO         3081    i.HAL_TIM_OC_DelayElapsedCallback  stm32f4xx_hal_tim.o
    0x08002f56   0x00000002   Code   RO         3108    i.HAL_TIM_PWM_PulseFinishedCallback  stm32f4xx_hal_tim.o
    0x08002f58   0x0000014c   Code   RO           14    i.HAL_TIM_PeriodElapsedCallback  main.o
    0x080030a4   0x00000002   Code   RO         3121    i.HAL_TIM_TriggerCallback  stm32f4xx_hal_tim.o
    0x080030a6   0x00000002   Code   RO         4012    i.HAL_UARTEx_RxEventCallback  stm32f4xx_hal_uart.o
    0x080030a8   0x00000002   Code   RO         4026    i.HAL_UART_ErrorCallback  stm32f4xx_hal_uart.o
    0x080030aa   0x00000002   PAD
    0x080030ac   0x00000268   Code   RO         4029    i.HAL_UART_IRQHandler  stm32f4xx_hal_uart.o
    0x08003314   0x00000062   Code   RO         4030    i.HAL_UART_Init     stm32f4xx_hal_uart.o
    0x08003376   0x00000002   PAD
    0x08003378   0x0000007c   Code   RO          638    i.HAL_UART_MspInit  usart.o
    0x080033f4   0x00000002   Code   RO         4036    i.HAL_UART_RxCpltCallback  stm32f4xx_hal_uart.o
    0x080033f6   0x00000002   PAD
    0x080033f8   0x000000b2   Code   RO         4038    i.HAL_UART_Transmit  stm32f4xx_hal_uart.o
    0x080034aa   0x00000002   Code   RO         4041    i.HAL_UART_TxCpltCallback  stm32f4xx_hal_uart.o
    0x080034ac   0x00000002   Code   RO          700    i.HardFault_Handler  stm32f4xx_it.o
    0x080034ae   0x00000002   PAD
    0x080034b0   0x00000068   Code   RO          426    i.MX_ADC1_Init      adc.o
    0x08003518   0x0000002c   Code   RO          466    i.MX_DMA_Init       dma.o
    0x08003544   0x0000009c   Code   RO          318    i.MX_FREERTOS_Init  freertos.o
    0x080035e0   0x00000248   Code   RO          294    i.MX_GPIO_Init      gpio.o
    0x08003828   0x0000009c   Code   RO          492    i.MX_RTC_Init       rtc.o
    0x080038c4   0x00000048   Code   RO          536    i.MX_SPI1_Init      spi.o
    0x0800390c   0x00000074   Code   RO          584    i.MX_TIM1_Init      tim.o
    0x08003980   0x00000078   Code   RO          585    i.MX_TIM2_Init      tim.o
    0x080039f8   0x0000006c   Code   RO          586    i.MX_TIM3_Init      tim.o
    0x08003a64   0x00000038   Code   RO          639    i.MX_USART1_UART_Init  usart.o
    0x08003a9c   0x00000002   Code   RO          701    i.MemManage_Handler  stm32f4xx_it.o
    0x08003a9e   0x00000002   Code   RO          702    i.NMI_Handler       stm32f4xx_it.o
    0x08003aa0   0x00000012   Code   RO         2327    i.RTC_Bcd2ToByte    stm32f4xx_hal_rtc.o
    0x08003ab2   0x00000018   Code   RO         2328    i.RTC_ByteToBcd2    stm32f4xx_hal_rtc.o
    0x08003aca   0x00000002   PAD
    0x08003acc   0x00000048   Code   RO         2329    i.RTC_EnterInitMode  stm32f4xx_hal_rtc.o
    0x08003b14   0x0000002a   Code   RO         2330    i.RTC_ExitInitMode  stm32f4xx_hal_rtc.o
    0x08003b3e   0x00000002   PAD
    0x08003b40   0x0000000c   Code   RO          703    i.RTC_WKUP_IRQHandler  stm32f4xx_it.o
    0x08003b4c   0x00000022   Code   RO         2745    i.SPI_DMAError      stm32f4xx_hal_spi.o
    0x08003b6e   0x0000000a   Code   RO         2746    i.SPI_DMAHalfReceiveCplt  stm32f4xx_hal_spi.o
    0x08003b78   0x0000000a   Code   RO         2747    i.SPI_DMAHalfTransmitCplt  stm32f4xx_hal_spi.o
    0x08003b82   0x0000000a   Code   RO         2748    i.SPI_DMAHalfTransmitReceiveCplt  stm32f4xx_hal_spi.o
    0x08003b8c   0x0000006a   Code   RO         2749    i.SPI_DMAReceiveCplt  stm32f4xx_hal_spi.o
    0x08003bf6   0x00000064   Code   RO         2751    i.SPI_DMATransmitCplt  stm32f4xx_hal_spi.o
    0x08003c5a   0x0000005a   Code   RO         2752    i.SPI_DMATransmitReceiveCplt  stm32f4xx_hal_spi.o
    0x08003cb4   0x0000005c   Code   RO         2754    i.SPI_EndRxTransaction  stm32f4xx_hal_spi.o
    0x08003d10   0x00000058   Code   RO         2755    i.SPI_EndRxTxTransaction  stm32f4xx_hal_spi.o
    0x08003d68   0x00000038   Code   RO          537    i.SPI_SendByte      spi.o
    0x08003da0   0x000000b8   Code   RO         2760    i.SPI_WaitFlagStateUntilTimeout  stm32f4xx_hal_spi.o
    0x08003e58   0x000000a0   Code   RO         6553    i.STMFLASH_GetFlashSector  flash_function.o
    0x08003ef8   0x00000020   Code   RO          319    i.StartDefaultTask  freertos.o
    0x08003f18   0x0000001a   Code   RO         5500    i.SysTick_Handler   cmsis_os2.o
    0x08003f32   0x00000002   PAD
    0x08003f34   0x0000009c   Code   RO           15    i.SystemClock_Config  main.o
    0x08003fd0   0x00000010   Code   RO         4359    i.SystemInit        system_stm32f4xx.o
    0x08003fe0   0x00000010   Code   RO         6207    i.TFT_SEND_CMD      spi_tft.o
    0x08003ff0   0x00000010   Code   RO         6208    i.TFT_SEND_DATA     spi_tft.o
    0x08004000   0x000000b8   Code   RO         6209    i.TFT_clear         spi_tft.o
    0x080040b8   0x000001c4   Code   RO         6211    i.TFT_init          spi_tft.o
    0x0800427c   0x0000000c   Code   RO          704    i.TIM1_UP_TIM10_IRQHandler  stm32f4xx_it.o
    0x08004288   0x0000000c   Code   RO          705    i.TIM2_IRQHandler   stm32f4xx_it.o
    0x08004294   0x0000000c   Code   RO          706    i.TIM3_IRQHandler   stm32f4xx_it.o
    0x080042a0   0x0000000c   Code   RO          707    i.TIM4_IRQHandler   stm32f4xx_it.o
    0x080042ac   0x000000c8   Code   RO         3123    i.TIM_Base_SetConfig  stm32f4xx_hal_tim.o
    0x08004374   0x00000014   Code   RO         3134    i.TIM_ETR_SetConfig  stm32f4xx_hal_tim.o
    0x08004388   0x00000010   Code   RO         3135    i.TIM_ITRx_SetConfig  stm32f4xx_hal_tim.o
    0x08004398   0x00000022   Code   RO         3141    i.TIM_TI1_ConfigInputStage  stm32f4xx_hal_tim.o
    0x080043ba   0x00000024   Code   RO         3143    i.TIM_TI2_ConfigInputStage  stm32f4xx_hal_tim.o
    0x080043de   0x00000010   Code   RO         4043    i.UART_DMAAbortOnError  stm32f4xx_hal_uart.o
    0x080043ee   0x0000004e   Code   RO         4053    i.UART_EndRxTransfer  stm32f4xx_hal_uart.o
    0x0800443c   0x000000c0   Code   RO         4055    i.UART_Receive_IT   stm32f4xx_hal_uart.o
    0x080044fc   0x0000010c   Code   RO         4056    i.UART_SetConfig    stm32f4xx_hal_uart.o
    0x08004608   0x00000078   Code   RO         4059    i.UART_WaitOnFlagUntilTimeout  stm32f4xx_hal_uart.o
    0x08004680   0x0000000c   Code   RO          708    i.USART1_IRQHandler  stm32f4xx_it.o
    0x0800468c   0x00000002   Code   RO          709    i.UsageFault_Handler  stm32f4xx_it.o
    0x0800468e   0x00000002   PAD
    0x08004690   0x00000020   Code   RO         6848    i.__0printf         mc_w.l(printfa.o)
    0x080046b0   0x00000028   Code   RO         6850    i.__0sprintf        mc_w.l(printfa.o)
    0x080046d8   0x00000010   Code   RO         6852    i.__0vprintf        mc_w.l(printfa.o)
    0x080046e8   0x00000020   Code   RO         1930    i.__NVIC_SetPriority  stm32f4xx_hal_cortex.o
    0x08004708   0x0000000e   Code   RO         6919    i.__scatterload_copy  mc_w.l(handlers.o)
    0x08004716   0x00000002   Code   RO         6920    i.__scatterload_null  mc_w.l(handlers.o)
    0x08004718   0x0000000e   Code   RO         6921    i.__scatterload_zeroinit  mc_w.l(handlers.o)
    0x08004726   0x00000002   PAD
    0x08004728   0x00000164   Code   RO         6855    i._fp_digits        mc_w.l(printfa.o)
    0x0800488c   0x000006dc   Code   RO         6856    i._printf_core      mc_w.l(printfa.o)
    0x08004f68   0x00000024   Code   RO         6857    i._printf_post_padding  mc_w.l(printfa.o)
    0x08004f8c   0x0000002e   Code   RO         6858    i._printf_pre_padding  mc_w.l(printfa.o)
    0x08004fba   0x0000000a   Code   RO         6860    i._sputc            mc_w.l(printfa.o)
    0x08004fc4   0x00000144   Code   RO          320    i.app_task_bat      freertos.o
    0x08005108   0x000001e4   Code   RO          321    i.app_task_key      freertos.o
    0x080052ec   0x000001bc   Code   RO          322    i.app_task_keyboard  freertos.o
    0x080054a8   0x00000100   Code   RO          323    i.app_task_module_init  freertos.o
    0x080055a8   0x00000150   Code   RO          324    i.app_task_rtc      freertos.o
    0x080056f8   0x000000cc   Code   RO          325    i.app_task_temp_humi  freertos.o
    0x080057c4   0x00000050   Code   RO          326    i.app_task_tft      freertos.o
    0x08005814   0x0000001c   Code   RO         6481    i.backup_flash_data  password.o
    0x08005830   0x00000048   Code   RO         6146    i.bat_handle        menu.o
    0x08005878   0x00000030   Code   RO         6440    i.beep_long         beep.o
    0x080058a8   0x00000030   Code   RO         6442    i.beep_short        beep.o
    0x080058d8   0x000000d4   Code   RO         6482    i.change_password   password.o
    0x080059ac   0x00000004   Code   RO         6321    i.delay_ms          delay.o
    0x080059b0   0x00000040   Code   RO         6322    i.delay_us          delay.o
    0x080059f0   0x00000030   Code   RO          327    i.dgb_printf_safe   freertos.o
    0x08005a20   0x00000158   Code   RO         6351    i.dht11_get_data    dht11.o
    0x08005b78   0x00000120   Code   RO         6212    i.display_char      spi_tft.o
    0x08005c98   0x00000098   Code   RO         6214    i.dma_tft_start     spi_tft.o
    0x08005d30   0x00000048   Code   RO         6483    i.factory_password_init  password.o
    0x08005d78   0x00000054   Code   RO         6555    i.flash_erase_sector  flash_function.o
    0x08005dcc   0x00000016   Code   RO         6556    i.flash_read_data   flash_function.o
    0x08005de2   0x00000002   PAD
    0x08005de4   0x00000044   Code   RO         6557    i.flash_write_data  flash_function.o
    0x08005e28   0x00000018   Code   RO          640    i.fputc             usart.o
    0x08005e40   0x000000cc   Code   RO         6392    i.handle_authenticated_input  matrix_keyboard.o
    0x08005f0c   0x0000003a   Code   RO         6484    i.hex_to_string     password.o
    0x08005f46   0x00000002   PAD
    0x08005f48   0x000000cc   Code   RO         6147    i.keyboard_handle   menu.o
    0x08006014   0x00000054   Code   RO           16    i.main              main.o
    0x08006068   0x000000e4   Code   RO         6393    i.matrix_key_scan   matrix_keyboard.o
    0x0800614c   0x00000030   Code   RO         6394    i.matrix_val_convert  matrix_keyboard.o
    0x0800617c   0x0000005c   Code   RO          328    i.menu_show         freertos.o
    0x080061d8   0x00000034   Code   RO         6485    i.modify_flash_data_in_ram  password.o
    0x0800620c   0x00000124   Code   RO         6486    i.new_password_input  password.o
    0x08006330   0x00000024   Code   RO         5516    i.osKernelInitialize  cmsis_os2.o
    0x08006354   0x00000038   Code   RO         5519    i.osKernelStart     cmsis_os2.o
    0x0800638c   0x00000088   Code   RO         5561    i.osThreadNew       cmsis_os2.o
    0x08006414   0x00000044   Code   RO         6395    i.print_system_runtime  matrix_keyboard.o
    0x08006458   0x0000005c   Code   RO         4964    i.prvAddCurrentTaskToDelayedList  tasks.o
    0x080064b4   0x000000d0   Code   RO         4965    i.prvAddNewTaskToReadyList  tasks.o
    0x08006584   0x00000058   Code   RO         5329    i.prvCheckForValidListAndQueue  timers.o
    0x080065dc   0x00000026   Code   RO         4561    i.prvCopyDataFromQueue  queue.o
    0x08006602   0x0000006c   Code   RO         4562    i.prvCopyDataToQueue  queue.o
    0x0800666e   0x00000034   Code   RO         4966    i.prvDeleteTCB      tasks.o
    0x080066a2   0x00000002   PAD
    0x080066a4   0x0000004c   Code   RO         6010    i.prvHeapInit       heap_4.o
    0x080066f0   0x00000060   Code   RO         4967    i.prvIdleTask       tasks.o
    0x08006750   0x00000016   Code   RO         4563    i.prvInitialiseMutex  queue.o
    0x08006766   0x00000002   PAD
    0x08006768   0x00000022   Code   RO         4564    i.prvInitialiseNewQueue  queue.o
    0x0800678a   0x00000002   PAD
    0x0800678c   0x000000b0   Code   RO         4968    i.prvInitialiseNewTask  tasks.o
    0x0800683c   0x0000004c   Code   RO         6011    i.prvInsertBlockIntoFreeList  heap_4.o
    0x08006888   0x00000038   Code   RO         5331    i.prvInsertTimerInActiveList  timers.o
    0x080068c0   0x0000001c   Code   RO         4565    i.prvIsQueueEmpty   queue.o
    0x080068dc   0x000000fc   Code   RO         5332    i.prvProcessReceivedCommands  timers.o
    0x080069d8   0x000000c0   Code   RO         5333    i.prvProcessTimerOrBlockTask  timers.o
    0x08006a98   0x00000020   Code   RO         4970    i.prvResetNextTaskUnblockTime  tasks.o
    0x08006ab8   0x00000028   Code   RO         5334    i.prvSampleTimeNow  timers.o
    0x08006ae0   0x0000006c   Code   RO         5335    i.prvSwitchTimerLists  timers.o
    0x08006b4c   0x00000014   Code   RO         4971    i.prvTaskCheckFreeStackSpace  tasks.o
    0x08006b60   0x00000028   Code   RO         6066    i.prvTaskExitError  port.o
    0x08006b88   0x00000034   Code   RO         4972    i.prvTaskIsTaskSuspended  tasks.o
    0x08006bbc   0x00000014   Code   RO         4402    i.prvTestWaitCondition  event_groups.o
    0x08006bd0   0x00000024   Code   RO         5336    i.prvTimerTask      timers.o
    0x08006bf4   0x0000006a   Code   RO         4566    i.prvUnlockQueue    queue.o
    0x08006c5e   0x00000002   PAD
    0x08006c60   0x000000dc   Code   RO         6012    i.pvPortMalloc      heap_4.o
    0x08006d3c   0x00000018   Code   RO         4973    i.pvTaskIncrementMutexHeldCount  tasks.o
    0x08006d54   0x0000002c   Code   RO         6067    i.pxPortInitialiseStack  port.o
    0x08006d80   0x00000048   Code   RO         6148    i.rtc_handle        menu.o
    0x08006dc8   0x00000040   Code   RO         6215    i.show_char         spi_tft.o
    0x08006e08   0x0000004c   Code   RO         6149    i.temp_humi_handle  menu.o
    0x08006e54   0x00000016   Code   RO          329    i.total_menu_items  freertos.o
    0x08006e6a   0x00000026   Code   RO         4521    i.uxListRemove      list.o
    0x08006e90   0x00000010   Code   RO         4977    i.uxTaskGetStackHighWaterMark  tasks.o
    0x08006ea0   0x00000018   Code   RO         4982    i.uxTaskResetEventItemValue  tasks.o
    0x08006eb8   0x00000014   Code   RO         5573    i.vApplicationGetIdleTaskMemory  cmsis_os2.o
    0x08006ecc   0x00000018   Code   RO         5574    i.vApplicationGetTimerTaskMemory  cmsis_os2.o
    0x08006ee4   0x00000004   Code   RO         4406    i.vEventGroupSetBitsCallback  event_groups.o
    0x08006ee8   0x00000016   Code   RO         4522    i.vListInitialise   list.o
    0x08006efe   0x00000006   Code   RO         4523    i.vListInitialiseItem  list.o
    0x08006f04   0x00000030   Code   RO         4524    i.vListInsert       list.o
    0x08006f34   0x00000018   Code   RO         4525    i.vListInsertEnd    list.o
    0x08006f4c   0x00000040   Code   RO         6069    i.vPortEnterCritical  port.o
    0x08006f8c   0x00000028   Code   RO         6070    i.vPortExitCritical  port.o
    0x08006fb4   0x00000064   Code   RO         6013    i.vPortFree         heap_4.o
    0x08007018   0x00000024   Code   RO         6071    i.vPortSetupTimerInterrupt  port.o
    0x0800703c   0x00000054   Code   RO         6072    i.vPortValidateInterruptPriority  port.o
    0x08007090   0x00000028   Code   RO         4572    i.vQueueAddToRegistry  queue.o
    0x080070b8   0x00000044   Code   RO         4576    i.vQueueWaitForMessageRestricted  queue.o
    0x080070fc   0x0000004c   Code   RO         4983    i.vTaskDelay        tasks.o
    0x08007148   0x00000090   Code   RO         4985    i.vTaskDelete       tasks.o
    0x080071d8   0x00000010   Code   RO         4988    i.vTaskInternalSetTimeOutState  tasks.o
    0x080071e8   0x0000000c   Code   RO         4989    i.vTaskMissedYield  tasks.o
    0x080071f4   0x00000030   Code   RO         4991    i.vTaskPlaceOnEventList  tasks.o
    0x08007224   0x00000038   Code   RO         4992    i.vTaskPlaceOnEventListRestricted  tasks.o
    0x0800725c   0x00000050   Code   RO         4993    i.vTaskPlaceOnUnorderedEventList  tasks.o
    0x080072ac   0x00000090   Code   RO         4994    i.vTaskPriorityDisinheritAfterTimeout  tasks.o
    0x0800733c   0x00000070   Code   RO         4996    i.vTaskRemoveFromUnorderedEventList  tasks.o
    0x080073ac   0x0000007c   Code   RO         4997    i.vTaskResume       tasks.o
    0x08007428   0x00000088   Code   RO         5000    i.vTaskStartScheduler  tasks.o
    0x080074b0   0x0000009c   Code   RO         5001    i.vTaskSuspend      tasks.o
    0x0800754c   0x00000010   Code   RO         5002    i.vTaskSuspendAll   tasks.o
    0x0800755c   0x00000064   Code   RO         5003    i.vTaskSwitchContext  tasks.o
    0x080075c0   0x000000b4   Code   RO         6487    i.verify_password   password.o
    0x08007674   0x0000004c   Code   RO         6488    i.write_new_password_2_flash  password.o
    0x080076c0   0x0000001c   Code   RO         4410    i.xEventGroupCreate  event_groups.o
    0x080076dc   0x0000008c   Code   RO         4413    i.xEventGroupSetBits  event_groups.o
    0x08007768   0x00000010   Code   RO         4414    i.xEventGroupSetBitsFromISR  event_groups.o
    0x08007778   0x00000108   Code   RO         4416    i.xEventGroupWaitBits  event_groups.o
    0x08007880   0x000000f4   Code   RO         6073    i.xPortStartScheduler  port.o
    0x08007974   0x0000002c   Code   RO         6074    i.xPortSysTickHandler  port.o
    0x080079a0   0x00000016   Code   RO         4579    i.xQueueCreateMutex  queue.o
    0x080079b6   0x00000042   Code   RO         4581    i.xQueueGenericCreate  queue.o
    0x080079f8   0x00000066   Code   RO         4582    i.xQueueGenericCreateStatic  queue.o
    0x08007a5e   0x00000002   PAD
    0x08007a60   0x00000088   Code   RO         4583    i.xQueueGenericReset  queue.o
    0x08007ae8   0x00000160   Code   RO         4584    i.xQueueGenericSend  queue.o
    0x08007c48   0x000000be   Code   RO         4585    i.xQueueGenericSendFromISR  queue.o
    0x08007d06   0x0000009c   Code   RO         4588    i.xQueueGiveFromISR  queue.o
    0x08007da2   0x00000002   PAD
    0x08007da4   0x00000138   Code   RO         4594    i.xQueueReceive     queue.o
    0x08007edc   0x0000009a   Code   RO         4595    i.xQueueReceiveFromISR  queue.o
    0x08007f76   0x00000002   PAD
    0x08007f78   0x00000178   Code   RO         4596    i.xQueueSemaphoreTake  queue.o
    0x080080f0   0x00000074   Code   RO         5005    i.xTaskCheckForTimeOut  tasks.o
    0x08008164   0x0000005a   Code   RO         5006    i.xTaskCreate       tasks.o
    0x080081be   0x00000056   Code   RO         5007    i.xTaskCreateStatic  tasks.o
    0x08008214   0x0000001c   Code   RO         5011    i.xTaskGetSchedulerState  tasks.o
    0x08008230   0x0000000c   Code   RO         5012    i.xTaskGetTickCount  tasks.o
    0x0800823c   0x000000c8   Code   RO         5014    i.xTaskIncrementTick  tasks.o
    0x08008304   0x00000080   Code   RO         5017    i.xTaskPriorityDisinherit  tasks.o
    0x08008384   0x00000078   Code   RO         5018    i.xTaskPriorityInherit  tasks.o
    0x080083fc   0x00000070   Code   RO         5019    i.xTaskRemoveFromEventList  tasks.o
    0x0800846c   0x000000c4   Code   RO         5020    i.xTaskResumeAll    tasks.o
    0x08008530   0x00000060   Code   RO         5345    i.xTimerCreateTimerTask  timers.o
    0x08008590   0x00000068   Code   RO         5346    i.xTimerGenericCommand  timers.o
    0x080085f8   0x00000028   Code   RO         5352    i.xTimerPendFunctionCallFromISR  timers.o
    0x08008620   0x000000cc   Data   RO          330    .constdata          freertos.o
    0x080086ec   0x00000008   Data   RO         1647    .constdata          stm32f4xx_hal_dma.o
    0x080086f4   0x00000010   Data   RO         4360    .constdata          system_stm32f4xx.o
    0x08008704   0x00000008   Data   RO         4361    .constdata          system_stm32f4xx.o
    0x0800870c   0x000005f0   Data   RO         6295    .constdata          spi_tft_font.o
    0x08008cfc   0x000017c0   Data   RO         6296    .constdata          spi_tft_font.o
    0x0800a4bc   0x00000071   Data   RO          331    .conststring        freertos.o
    0x0800a52d   0x00000003   PAD
    0x0800a530   0x00000044   Data   RO         6150    .conststring        menu.o
    0x0800a574   0x0000000a   Data   RO         6490    .conststring        password.o
    0x0800a57e   0x00000002   PAD
    0x0800a580   0x00000020   Data   RO         6917    Region$$Table       anon$$obj.o


    Execution Region RW_IRAM1 (Base: 0x20000000, Size: 0x000052a8, Max: 0x0001c000, ABSOLUTE, COMPRESSED[0x00000078])

    Base Addr    Size         Type   Attr      Idx    E Section Name        Object

    0x20000000   0x00000047   Data   RW          332    .data               freertos.o
    0x20000047   0x00000001   PAD
    0x20000048   0x00000004   Data   RW          333    .data               freertos.o
    0x2000004c   0x00000004   Data   RW          334    .data               freertos.o
    0x20000050   0x00000004   Data   RW          495    .data               rtc.o
    0x20000054   0x00000004   Data   RW          642    .data               usart.o
    0x20000058   0x0000000c   Data   RW         2074    .data               stm32f4xx_hal.o
    0x20000064   0x00000004   Data   RW         4362    .data               system_stm32f4xx.o
    0x20000068   0x0000003c   Data   RW         5023    .data               tasks.o
    0x200000a4   0x00000014   Data   RW         5354    .data               timers.o
    0x200000b8   0x00000004   Data   RW         5576    .data               cmsis_os2.o
    0x200000bc   0x00000020   Data   RW         6019    .data               heap_4.o
    0x200000dc   0x0000000c   Data   RW         6075    .data               port.o
    0x200000e8   0x0000008c   Data   RW         6152    .data               menu.o
    0x20000174   0x00000014   Data   RW         6153    .data               menu.o
    0x20000188   0x00000014   Data   RW         6154    .data               menu.o
    0x2000019c   0x00000014   Data   RW         6155    .data               menu.o
    0x200001b0   0x00000014   Data   RW         6156    .data               menu.o
    0x200001c4   0x00000002   Data   RW         6219    .data               spi_tft.o
    0x200001c6   0x00000002   PAD
    0x200001c8   0x00000004   Data   RW         6396    .data               matrix_keyboard.o
    0x200001cc   0x00000044   Data   RW         6397    .data               matrix_keyboard.o
    0x20000210   0x0000001a   Data   RW         6491    .data               password.o
    0x2000022a   0x00000002   PAD
    0x2000022c   0x00000048   Zero   RW          427    .bss                adc.o
    0x20000274   0x00000014   Zero   RW          493    .bss                rtc.o
    0x20000288   0x00000020   Zero   RW          494    .bss                rtc.o
    0x200002a8   0x000000b8   Zero   RW          538    .bss                spi.o
    0x20000360   0x000000d8   Zero   RW          587    .bss                tim.o
    0x20000438   0x00000044   Zero   RW          641    .bss                usart.o
    0x2000047c   0x00000048   Zero   RW          859    .bss                stm32f4xx_hal_timebase_tim.o
    0x200004c4   0x00000020   Zero   RW         1346    .bss                stm32f4xx_hal_flash.o
    0x200004e4   0x00000040   Zero   RW         4598    .bss                queue.o
    0x20000524   0x000004c4   Zero   RW         5022    .bss                tasks.o
    0x200009e8   0x00000118   Zero   RW         5353    .bss                timers.o
    0x20000b00   0x000006b8   Zero   RW         5575    .bss                cmsis_os2.o
    0x200011b8   0x00003c00   Zero   RW         6018    .bss                heap_4.o
    0x20004db8   0x00000080   Zero   RW         6216    .bss                spi_tft.o
    0x20004e38   0x00000014   Zero   RW         6354    .bss                dht11.o
    0x20004e4c   0x00000056   Zero   RW         6489    .bss                password.o
    0x20004ea2   0x00000006   PAD
    0x20004ea8   0x00000400   Zero   RW            1    STACK               startup_stm32f407xx.o


    Execution Region RW_IRAM2 (Base: 0x2001c000, Size: 0x00000000, Max: 0x00004000, ABSOLUTE)

    **** No section assigned to this execution region ****


==============================================================================

Image component sizes


      Code (inc. data)   RO Data    RW Data    ZI Data      Debug   Object Name

       200         24          0          0         72       1885   adc.o
        96          8          0          0          0       1161   beep.o
       298         22          0          4       1720      61857   cmsis_os2.o
        68         10          0          0          0       1142   delay.o
       344         12          0          0         20       1605   dht11.o
        44          4          0          0          0        878   dma.o
       472          8          0          0          0      26928   event_groups.o
       334         72          0          0          0       3324   flash_function.o
      2478        664        317         79          0      11486   freertos.o
       584         28          0          0          0       1355   gpio.o
       472         24          0         32      15360       5031   heap_4.o
       138          0          0          0          0       3758   list.o
       576        118          0          0          0     771554   main.o
       548        156          0         72          0       4194   matrix_keyboard.o
       442        108         68        220          0       5204   menu.o
       970        386         10         26         86       6640   password.o
       786         82          0         12          0      12189   port.o
      2310         24          0          0         64      23203   queue.o
       228         18          0          4         52       1971   rtc.o
       332         38          0          0        184       2625   spi.o
      1172         50          0          2        128       5869   spi_tft.o
         0          0       7600          0          0        937   spi_tft_font.o
        36          8        392          0       1024        900   startup_stm32f407xx.o
        80         14          0         12          0       8450   stm32f4xx_hal.o
       970         52          0          0          0       4470   stm32f4xx_hal_adc.o
       194         24          0          0          0      33833   stm32f4xx_hal_cortex.o
      1090         16          8          0          0       7749   stm32f4xx_hal_dma.o
       520         66          0          0         32       6858   stm32f4xx_hal_flash.o
       356         24          0          0          0       4054   stm32f4xx_hal_flash_ex.o
       556         52          0          0          0       4179   stm32f4xx_hal_gpio.o
        56          4          0          0          0        962   stm32f4xx_hal_msp.o
      1408         82          0          0          0       6073   stm32f4xx_hal_rcc.o
       316         20          0          0          0       1484   stm32f4xx_hal_rcc_ex.o
       846         28          0          0          0       8051   stm32f4xx_hal_rtc.o
       296         14          0          0          0       2120   stm32f4xx_hal_rtc_ex.o
      1922         48          0          0          0      16515   stm32f4xx_hal_spi.o
      1278        102          0          0          0      11905   stm32f4xx_hal_tim.o
       148         28          0          0          0       2653   stm32f4xx_hal_tim_ex.o
       152         20          0          0         72       1595   stm32f4xx_hal_timebase_tim.o
      1574         16          0          0          0      10316   stm32f4xx_hal_uart.o
       420        120          0          0          0      11065   stm32f4xx_it.o
         0          0          0          0          0        440   stream_buffer.o
        16          4         24          4          0       1295   system_stm32f4xx.o
      3100        258          0         60       1220      36847   tasks.o
       484         40          0          0        216       3481   tim.o
      1012         86          0         20        280      30831   timers.o
       204         26          0          4         68       3778   usart.o

    ----------------------------------------------------------------------
     29976       3008       8456        556      20604    1174700   Object Totals
         0          0         32          0          0          0   (incl. Generated)
        50          0          5          5          6          0   (incl. Padding)

    ----------------------------------------------------------------------

      Code (inc. data)   RO Data    RW Data    ZI Data      Debug   Library Member Name

        86          0          0          0          0          0   __dczerorl2.o
         0          0          0          0          0          0   entry.o
         0          0          0          0          0          0   entry10a.o
         0          0          0          0          0          0   entry11a.o
         8          4          0          0          0          0   entry2.o
         4          0          0          0          0          0   entry5.o
         0          0          0          0          0          0   entry7b.o
         0          0          0          0          0          0   entry8b.o
         8          4          0          0          0          0   entry9a.o
        30          0          0          0          0          0   handlers.o
        36          8          0          0          0         68   init.o
         0          0          0          0          0          0   iusefp.o
        30          0          0          0          0         68   llshl.o
        36          0          0          0          0         68   llsshr.o
        32          0          0          0          0         68   llushr.o
        36          0          0          0          0         68   memcpya.o
        36          0          0          0          0        108   memseta.o
      2292        104          0          0          0        664   printfa.o
        14          0          0          0          0         68   strlen.o
        30          0          0          0          0         80   strncmp.o
        44          0          0          0          0         80   uidiv.o
        98          0          0          0          0         92   uldiv.o
        48          0          0          0          0         68   cdrcmple.o
       334          0          0          0          0        148   dadd.o
       222          0          0          0          0        100   ddiv.o
       186          0          0          0          0        176   depilogue.o
        50          0          0          0          0         76   dfixui.o
        48          0          0          0          0         68   dfixul.o
        26          0          0          0          0         76   dfltui.o
       228          0          0          0          0         96   dmul.o

    ----------------------------------------------------------------------
      3968        120          0          0          0       2240   Library Totals
         6          0          0          0          0          0   (incl. Padding)

    ----------------------------------------------------------------------

      Code (inc. data)   RO Data    RW Data    ZI Data      Debug   Library Name

      2820        120          0          0          0       1432   mc_w.l
      1142          0          0          0          0        808   mf_w.l

    ----------------------------------------------------------------------
      3968        120          0          0          0       2240   Library Totals

    ----------------------------------------------------------------------

==============================================================================


      Code (inc. data)   RO Data    RW Data    ZI Data      Debug   

     33944       3128       8456        556      20604    1147628   Grand Totals
     33944       3128       8456        120      20604    1147628   ELF Image Totals (compressed)
     33944       3128       8456        120          0          0   ROM Totals

==============================================================================

    Total RO  Size (Code + RO Data)                42400 (  41.41kB)
    Total RW  Size (RW Data + ZI Data)             21160 (  20.66kB)
    Total ROM Size (Code + RO Data + RW Data)      42520 (  41.52kB)

==============================================================================

